Microchip MPLAB XC8 Compiler V2.20

Linker command line:

-W-3 --edf=C:\Program Files\Microchip\xc8\v2.20\pic\dat\en_msgs.txt -cn \
  -h+dist/default/production\05_Laboratory_02.X.production.sym \
  --cmf=dist/default/production\05_Laboratory_02.X.production.cmf -z \
  -Q18F4550 -oC:\Users\luism\AppData\Local\Temp\s6fo.2 \
  --defsym=__MPLAB_BUILD=1 \
  -Mdist/default/production/05_Laboratory_02.X.production.map -E1 \
  -ver=XC8 Compiler --acfsm=1493 -ASTACK=0D4h-07FFh -pstack=STACK \
  -ACODE=00h-07FFFh -ACONST=00h-07FFFh -ASMALLCONST=0800h-08FFhx120 \
  -AMEDIUMCONST=0800h-07FFFh -ACOMRAM=01h-05Fh -AABS1=00h-07FFh \
  -ABIGRAM=01h-07FFh -ARAM=060h-0FFh,0100h-01FFhx7 -ABANK0=060h-0FFh \
  -ABANK1=0100h-01FFh -ABANK2=0200h-02FFh -ABANK3=0300h-03FFh \
  -ABANK4=0400h-04FFh -ABANK5=0500h-05FFh -ABANK6=0600h-06FFh \
  -ABANK7=0700h-07FFh -ASFR=0F60h-0FFFh -ACONFIG=0300000h-030000Dh \
  -AIDLOC=0200000h-0200007h \
  -preset_vec=00h,intcode=08h,intcodelo,powerup,init -pramtop=0800h \
  -psmallconst=SMALLCONST -pmediumconst=MEDIUMCONST -pconst=CONST \
  -AFARRAM=00h-00h -AEEDATA=0F00000h-0F000FFh -peeprom_data=EEDATA \
  -prdata=COMRAM,nvrram=COMRAM,nvbit=COMRAM,rbss=COMRAM,rbit=COMRAM \
  -pfarbss=FARRAM,fardata=FARRAM,nvFARRAM=FARRAM \
  -pintsave_regs=BIGRAM,bigbss=BIGRAM,bigdata=BIGRAM -pbss=RAM \
  -pidata=CODE,irdata=CODE,ibigdata=CODE,ifardata=CODE -prparam=COMRAM \
  C:\Users\luism\AppData\Local\Temp\s6fo.o \
  dist/default/production\05_Laboratory_02.X.production.o 

Object code version is 3.11

Machine type is 18F4550



                Name                               Link     Load   Length Selector   Space Scale
C:\Users\luism\AppData\Local\Temp\s6fo.o
                idloc                            200000   200000        8        0       5
                config                           300000   300000        E        0       4
                init                                  E        E        4        4       0
                reset_vec                             0        0        4        0       0
dist/default/production\05_Laboratory_02.X.production.o
                intcode                               8        8        6        4       0
                idloc                            200000   200000        8        0       5
                config                           300000   300000        E        0       4
                temp                                 5E       5E        1        1       1
                smallconst                          800      800       14      400       0
                intcode_body                       190E     190E       44      40A       0
                text25                             1AC6     1AC6       18      40A       0
                text24                             1AF4     1AF4       12      40A       0
                text23                             1612     1612       B0      40A       0
                text22                             1ADE     1ADE       16      40A       0
                text21                             1A3A     1A3A       32      40A       0
                text20                             1B16     1B16        8      40A       0
                text19                             19CC     19CC       38      40A       0
                text18                             1A9C     1A9C       2A      40A       0
                text17                             17C2     17C2       5E      40A       0
                text16                             1820     1820       58      40A       0
                text15                             16C2     16C2       9E      40A       0
                text14                             13A4     13A4       DE      40A       0
                text13                             10B8     10B8      188      40A       0
                text12                             1240     1240      164      40A       0
                text11                             1952     1952       40      40A       0
                text10                             1B1E     1B1E        2      40A       0
                text9                              1482     1482       CA      40A       0
                text8                              18CA     18CA       44      40A       0
                text7                              1A04     1A04       36      40A       0
                text6                              154C     154C       C6      40A       0
                text5                               C22      C22      2E2      40A       0
                text4                               F04      F04      1B4      40A       0
                text3                              1760     1760       62      40A       0
                text2                              1878     1878       52      40A       0
                text1                              1A6C     1A6C       30      40A       0
                text0                               814      814      40E      40A       0
                cstackCOMRAM                          1        1       5D        1       1
                cstackBANK0                          92       92       32       60       1
                dataBANK0                            C4       C4       10       60       1
                bssBANK0                             60       60       32       60       1
                cinit                              1992     1992       3A      40A       0
                idataBANK0                         1B06     1B06       10      40A       0

TOTAL           Name                               Link     Load   Length     Space
        CLASS   STACK          

        CLASS   CODE           
                intcode                               8        8        6         0
                init                                  E        E        4         0
                reset_vec                             0        0        4         0
                intcode_body                       190E     190E       44         0
                text25                             1AC6     1AC6       18         0
                text24                             1AF4     1AF4       12         0
                text23                             1612     1612       B0         0
                text22                             1ADE     1ADE       16         0
                text21                             1A3A     1A3A       32         0
                text20                             1B16     1B16        8         0
                text19                             19CC     19CC       38         0
                text18                             1A9C     1A9C       2A         0
                text17                             17C2     17C2       5E         0
                text16                             1820     1820       58         0
                text15                             16C2     16C2       9E         0
                text14                             13A4     13A4       DE         0
                text13                             10B8     10B8      188         0
                text12                             1240     1240      164         0
                text11                             1952     1952       40         0
                text10                             1B1E     1B1E        2         0
                text9                              1482     1482       CA         0
                text8                              18CA     18CA       44         0
                text7                              1A04     1A04       36         0
                text6                              154C     154C       C6         0
                text5                               C22      C22      2E2         0
                text4                               F04      F04      1B4         0
                text3                              1760     1760       62         0
                text2                              1878     1878       52         0
                text1                              1A6C     1A6C       30         0
                text0                               814      814      40E         0
                cinit                              1992     1992       3A         0
                idataBANK0                         1B06     1B06       10         0

        CLASS   CONST          

        CLASS   SMALLCONST     
                smallconst                          800      800       14         0

        CLASS   MEDIUMCONST    

        CLASS   COMRAM         
                temp                                 5E       5E        1         1
                cstackCOMRAM                          1        1       5D         1

        CLASS   ABS1           

        CLASS   BIGRAM         

        CLASS   RAM            

        CLASS   BANK0          
                cstackBANK0                          92       92       32         1
                dataBANK0                            C4       C4       10         1
                bssBANK0                             60       60       32         1

        CLASS   BANK1          

        CLASS   BANK2          

        CLASS   BANK3          

        CLASS   BANK4          

        CLASS   BANK5          

        CLASS   BANK6          

        CLASS   BANK7          

        CLASS   SFR            

        CLASS   CONFIG         
                config                           300000   300000        E         4

        CLASS   IDLOC          
                idloc                            200000   200000        8         5

        CLASS   FARRAM         

        CLASS   EEDATA         



SEGMENTS        Name                           Load    Length   Top    Selector   Space  Class

                reset_vec                      000000  000004  000004         0       0  CODE    
                cstackCOMRAM                   000001  00005E  00005F         1       1  COMRAM  
                intcode                        000008  00000A  000012         4       0  CODE    
                bssBANK0                       000060  000074  0000D4        60       1  BANK0   
                smallconst                     000800  000014  000814       400       0  SMALLCON
                text0                          000814  00130C  001B20       40A       0  CODE    


UNUSED ADDRESS RANGES

        Name                Unused          Largest block    Delta
        BANK0            0000D4-0000FF               2C
        BANK1            000100-0001FF              100
        BANK2            000200-0002FF              100
        BANK3            000300-0003FF              100
        BANK4            000400-0004FF              100
        BANK5            000500-0005FF              100
        BANK6            000600-0006FF              100
        BANK7            000700-0007FF              100
        BIGRAM           00005F-00005F                1
                         0000D4-0007FF              72C
        CODE             000004-000007                4
                         000012-0007FF              7EE
                         001B20-007FFF             64E0
        COMRAM           00005F-00005F                1
        CONST            000004-000007                4
                         000012-0007FF              7EE
                         001B20-007FFF             64E0
        EEDATA           F00000-F000FF              100
        MEDIUMCONST      001B20-007FFF             64E0
        RAM              0000D4-0007FF              100
        SFR              000F60-000FFF               A0
        SMALLCONST       001B20-007FFF              100
        STACK            0000D4-0007FF              72C

                                  Symbol Table

?___aodiv                         cstackCOMRAM 000001
?___aomod                         cstackCOMRAM 000001
?___awmod                         cstackCOMRAM 000023
?___omul                          cstackCOMRAM 000001
?_abs                             cstackCOMRAM 000013
?_dtoa                            cstackCOMRAM 00001C
?_pad                             cstackCOMRAM 000011
?_rand                            cstackCOMRAM 000019
?_sprintf                         cstackCOMRAM 000058
?_strlen                          cstackCOMRAM 000001
?_vfpfcnvrt                       cstackCOMRAM 000040
?_vfprintf                        cstackCOMRAM 000050
_ADCON1                           (abs)        000FC1
_ExtInt_Init                      text25       001AC6
_INTCON2bits                      (abs)        000FF1
_INTCON3bits                      (abs)        000FF0
_INTCONbits                       (abs)        000FF2
_ISR                              intcode      000008
_LATC                             (abs)        000F8B
_LATEbits                         (abs)        000F8D
_OSCCONbits                       (abs)        000FD3
_PORTB                            (abs)        000F81
_Port_Init                        text24       001AF4
_TRISB                            (abs)        000F93
_TRISC                            (abs)        000F94
_TRISEbits                        (abs)        000F96
__HRAM                            (abs)        000000
__Habs1                           abs1         000000
__Hbank0                          bank0        000000
__Hbank1                          bank1        000000
__Hbank2                          bank2        000000
__Hbank3                          bank3        000000
__Hbank4                          bank4        000000
__Hbank5                          bank5        000000
__Hbank6                          bank6        000000
__Hbank7                          bank7        000000
__Hbigbss                         bigbss       000000
__Hbigdata                        bigdata      000000
__Hbigram                         bigram       000000
__Hbss                            bss          000000
__HbssBANK0                       bssBANK0     000000
__Hcinit                          cinit        000000
__Hclrtext                        clrtext      000000
__Hcomram                         comram       000000
__Hconfig                         config       30000E
__Hconst                          const        000000
__HcstackBANK0                    cstackBANK0  000000
__HcstackCOMRAM                   cstackCOMRAM 000000
__Hdata                           data         000000
__HdataBANK0                      dataBANK0    000000
__Heeprom_data                    eeprom_data  000000
__Hfarbss                         farbss       000000
__Hfardata                        fardata      000000
__Hibigdata                       ibigdata     000000
__Hidata                          idata        000000
__HidataBANK0                     idataBANK0   000000
__Hidloc                          idloc        200008
__Hifardata                       ifardata     000000
__Hinit                           init         000012
__Hintcode                        intcode      00000E
__Hintcode_body                   intcode_body 000000
__Hintcodelo                      intcodelo    00000E
__Hintentry                       intentry     000000
__Hintret                         intret       000000
__Hintsave_regs                   intsave_regs 000000
__Hirdata                         irdata       000000
__Hmediumconst                    mediumconst  000000
__HnvFARRAM                       nvFARRAM     000000
__Hnvbit                          nvbit        000000
__Hnvrram                         nvrram       000000
__Hparam                          rparam       000000
__Hpowerup                        powerup      00000E
__Hram                            ram          000000
__Hramtop                         ramtop       000800
__Hrbit                           rbit         000000
__Hrbss                           rbss         000000
__Hrdata                          rdata        000000
__Hreset_vec                      reset_vec    000004
__Hrparam                         rparam       000000
__Hsfr                            sfr          000000
__Hsmallconst                     smallconst   000814
__Hspace_0                        (abs)        001B20
__Hspace_1                        (abs)        0000D4
__Hspace_2                        (abs)        000000
__Hspace_4                        (abs)        60000E
__Hstack                          stack        000000
__Hstruct                         struct       000000
__Htemp                           temp         00005F
__Htext                           text         000000
__Htext0                          text0        000000
__Htext1                          text1        000000
__Htext10                         text10       000000
__Htext11                         text11       000000
__Htext12                         text12       000000
__Htext13                         text13       000000
__Htext14                         text14       000000
__Htext15                         text15       000000
__Htext16                         text16       000000
__Htext17                         text17       000000
__Htext18                         text18       000000
__Htext19                         text19       000000
__Htext2                          text2        000000
__Htext20                         text20       000000
__Htext21                         text21       000000
__Htext22                         text22       000000
__Htext23                         text23       000000
__Htext24                         text24       000000
__Htext25                         text25       000000
__Htext3                          text3        000000
__Htext4                          text4        000000
__Htext5                          text5        000000
__Htext6                          text6        000000
__Htext7                          text7        000000
__Htext8                          text8        000000
__Htext9                          text9        000000
__LRAM                            (abs)        000001
__Labs1                           abs1         000000
__Lbank0                          bank0        000000
__Lbank1                          bank1        000000
__Lbank2                          bank2        000000
__Lbank3                          bank3        000000
__Lbank4                          bank4        000000
__Lbank5                          bank5        000000
__Lbank6                          bank6        000000
__Lbank7                          bank7        000000
__Lbigbss                         bigbss       000000
__Lbigdata                        bigdata      000000
__Lbigram                         bigram       000000
__Lbss                            bss          000000
__LbssBANK0                       bssBANK0     000000
__Lcinit                          cinit        000000
__Lclrtext                        clrtext      000000
__Lcomram                         comram       000000
__Lconfig                         config       000000
__Lconst                          const        000000
__LcstackBANK0                    cstackBANK0  000000
__LcstackCOMRAM                   cstackCOMRAM 000000
__Ldata                           data         000000
__LdataBANK0                      dataBANK0    000000
__Leeprom_data                    eeprom_data  000000
__Lfarbss                         farbss       000000
__Lfardata                        fardata      000000
__Libigdata                       ibigdata     000000
__Lidata                          idata        000000
__LidataBANK0                     idataBANK0   000000
__Lidloc                          idloc        000000
__Lifardata                       ifardata     000000
__Linit                           init         00000E
__Lintcode                        intcode      000008
__Lintcode_body                   intcode_body 000000
__Lintcodelo                      intcodelo    00000E
__Lintentry                       intentry     000000
__Lintret                         intret       000000
__Lintsave_regs                   intsave_regs 000000
__Lirdata                         irdata       000000
__Lmediumconst                    mediumconst  000000
__LnvFARRAM                       nvFARRAM     000000
__Lnvbit                          nvbit        000000
__Lnvrram                         nvrram       000000
__Lparam                          rparam       000000
__Lpowerup                        powerup      00000E
__Lram                            ram          000000
__Lramtop                         ramtop       000800
__Lrbit                           rbit         000000
__Lrbss                           rbss         000000
__Lrdata                          rdata        000000
__Lreset_vec                      reset_vec    000000
__Lrparam                         rparam       000000
__Lsfr                            sfr          000000
__Lsmallconst                     smallconst   000800
__Lspace_0                        (abs)        000000
__Lspace_1                        (abs)        000000
__Lspace_2                        (abs)        000000
__Lspace_4                        (abs)        000000
__Lstack                          stack        000000
__Lstruct                         struct       000000
__Ltemp                           temp         00005E
__Ltext                           text         000000
__Ltext0                          text0        000000
__Ltext1                          text1        000000
__Ltext10                         text10       000000
__Ltext11                         text11       000000
__Ltext12                         text12       000000
__Ltext13                         text13       000000
__Ltext14                         text14       000000
__Ltext15                         text15       000000
__Ltext16                         text16       000000
__Ltext17                         text17       000000
__Ltext18                         text18       000000
__Ltext19                         text19       000000
__Ltext2                          text2        000000
__Ltext20                         text20       000000
__Ltext21                         text21       000000
__Ltext22                         text22       000000
__Ltext23                         text23       000000
__Ltext24                         text24       000000
__Ltext25                         text25       000000
__Ltext3                          text3        000000
__Ltext4                          text4        000000
__Ltext5                          text5        000000
__Ltext6                          text6        000000
__Ltext7                          text7        000000
__Ltext8                          text8        000000
__Ltext9                          text9        000000
__S0                              (abs)        001B20
__S1                              (abs)        0000D4
__S2                              (abs)        000000
__S4                              (abs)        000000
__S5                              (abs)        000000
___aodiv                          text13       0010B8
___aodiv@counter                  cstackCOMRAM 000011
___aodiv@dividend                 cstackCOMRAM 000001
___aodiv@divisor                  cstackCOMRAM 000009
___aodiv@quotient                 cstackCOMRAM 000013
___aodiv@sign                     cstackCOMRAM 000012
___aomod                          text12       001240
___aomod@counter                  cstackCOMRAM 000011
___aomod@dividend                 cstackCOMRAM 000001
___aomod@divisor                  cstackCOMRAM 000009
___aomod@sign                     cstackCOMRAM 000012
___awmod                          text23       001612
___awmod@counter                  cstackCOMRAM 000027
___awmod@dividend                 cstackCOMRAM 000023
___awmod@divisor                  cstackCOMRAM 000025
___awmod@sign                     cstackCOMRAM 000028
___inthi_sp                       stack        000000
___intlo_sp                       stack        000000
___omul                           text15       0016C2
___omul@multiplicand              cstackCOMRAM 000009
___omul@multiplier                cstackCOMRAM 000001
___omul@product                   cstackCOMRAM 000011
___param_bank                     (abs)        000000
___rparam_used                    (abs)        000001
___sp                             stack        000000
__accesstop                       (abs)        000060
__activetblptr                    (abs)        000002
__end_of_ExtInt_Init              text25       001ADE
__end_of_ISR                      intcode_body 001952
__end_of_Port_Init                text24       001B06
__end_of___aodiv                  text13       001240
__end_of___aomod                  text12       0013A4
__end_of___awmod                  text23       0016C2
__end_of___omul                   text15       001760
__end_of__initialization          cinit        0019BE
__end_of_abs                      text11       001992
__end_of_dtoa                     text5        000F04
__end_of_fputc                    text9        00154C
__end_of_fputs                    text8        00190E
__end_of_lcd_clear_display        text20       001B1E
__end_of_lcd_control              text21       001A6C
__end_of_lcd_dato                 text18       001AC6
__end_of_lcd_init                 text19       001A04
__end_of_lcd_print                text17       001820
__end_of_lcd_print_with_position  text16       001878
__end_of_lcd_time_control         text22       001AF4
__end_of_main                     text0        000C22
__end_of_pad                      text6        001612
__end_of_putch                    text10       001B20
__end_of_rand                     text14       001482
__end_of_sprintf                  text2        0018CA
__end_of_srand                    text1        001A9C
__end_of_strlen                   text7        001A3A
__end_of_vfpfcnvrt                text4        0010B8
__end_of_vfprintf                 text3        0017C2
__initialization                  cinit        001992
__mediumconst                     mediumconst  000000
__pbssBANK0                       bssBANK0     000060
__pcinit                          cinit        001992
__pcstackBANK0                    cstackBANK0  000092
__pcstackCOMRAM                   cstackCOMRAM 000001
__pdataBANK0                      dataBANK0    0000C4
__pidataBANK0                     idataBANK0   001B06
__pintcode                        intcode      000008
__pintcode_body                   intcode_body 00190E
__psmallconst                     smallconst   000800
__ptext0                          text0        000814
__ptext1                          text1        001A6C
__ptext10                         text10       001B1E
__ptext11                         text11       001952
__ptext12                         text12       001240
__ptext13                         text13       0010B8
__ptext14                         text14       0013A4
__ptext15                         text15       0016C2
__ptext16                         text16       001820
__ptext17                         text17       0017C2
__ptext18                         text18       001A9C
__ptext19                         text19       0019CC
__ptext2                          text2        001878
__ptext20                         text20       001B16
__ptext21                         text21       001A3A
__ptext22                         text22       001ADE
__ptext23                         text23       001612
__ptext24                         text24       001AF4
__ptext25                         text25       001AC6
__ptext3                          text3        001760
__ptext4                          text4        000F04
__ptext5                          text5        000C22
__ptext6                          text6        00154C
__ptext7                          text7        001A04
__ptext8                          text8        0018CA
__ptext9                          text9        001482
__ramtop                          ramtop       000800
__size_of_ExtInt_Init             (abs)        000000
__size_of_ISR                     (abs)        000000
__size_of_Port_Init               (abs)        000000
__size_of___aodiv                 (abs)        000000
__size_of___aomod                 (abs)        000000
__size_of___awmod                 (abs)        000000
__size_of___omul                  (abs)        000000
__size_of_abs                     (abs)        000000
__size_of_dtoa                    (abs)        000000
__size_of_fputc                   (abs)        000000
__size_of_fputs                   (abs)        000000
__size_of_lcd_clear_display       (abs)        000000
__size_of_lcd_control             (abs)        000000
__size_of_lcd_dato                (abs)        000000
__size_of_lcd_init                (abs)        000000
__size_of_lcd_print               (abs)        000000
__size_of_lcd_print_with_position (abs)        000000
__size_of_lcd_time_control        (abs)        000000
__size_of_main                    (abs)        000000
__size_of_pad                     (abs)        000000
__size_of_putch                   (abs)        000000
__size_of_rand                    (abs)        000000
__size_of_sprintf                 (abs)        000000
__size_of_srand                   (abs)        000000
__size_of_strlen                  (abs)        000000
__size_of_vfpfcnvrt               (abs)        000000
__size_of_vfprintf                (abs)        000000
__smallconst                      smallconst   000800
_abs                              text11       001952
_dbuf                             bssBANK0     00006A
_dtoa                             text5        000C22
_dtoa$878                         cstackCOMRAM 00002E
_flag                             bssBANK0     000068
_flags                            bssBANK0     000066
_fputc                            text9        001482
_fputs                            text8        0018CA
_lcd_clear_display                text20       001B16
_lcd_control                      text21       001A3A
_lcd_dato                         text18       001A9C
_lcd_init                         text19       0019CC
_lcd_print                        text17       0017C2
_lcd_print_with_position          text16       001820
_lcd_time_control                 text22       001ADE
_main                             text0        000814
_nout                             bssBANK0     000060
_pad                              text6        00154C
_prec                             bssBANK0     000064
_putch                            text10       001B1E
_rand                             text14       0013A4
_seed                             bssBANK0     00008A
_sprintf                          text2        001878
_srand                            text1        001A6C
_strlen                           text7        001A04
_vfpfcnvrt                        text4        000F04
_vfprintf                         text3        001760
_width                            bssBANK0     000062
abs@a                             cstackCOMRAM 000013
btemp                             temp         00005E
dtoa@d                            cstackCOMRAM 00001E
dtoa@fp                           cstackCOMRAM 00001C
dtoa@i                            cstackCOMRAM 00003E
dtoa@n                            cstackCOMRAM 000036
dtoa@p                            cstackCOMRAM 000030
dtoa@s                            cstackCOMRAM 000034
dtoa@w                            cstackCOMRAM 000032
end_of_initialization             cinit        0019BE
fputc@c                           cstackCOMRAM 000001
fputc@fp                          cstackCOMRAM 000003
fputs@c                           cstackCOMRAM 00000E
fputs@fp                          cstackCOMRAM 00000C
fputs@i                           cstackCOMRAM 00000F
fputs@s                           cstackCOMRAM 00000A
int$flags                         temp         00005E
int_func                          intcode_body 00190E
intlevel0                         text         000000
intlevel1                         text         000000
intlevel2                         text         000000
intlevel3                         text         000000
lcd_control@dato                  cstackCOMRAM 000002
lcd_dato@dato                     cstackCOMRAM 000002
lcd_print@dato                    cstackCOMRAM 000003
lcd_print_with_position@dato      cstackCOMRAM 000009
lcd_print_with_position@posicion  cstackCOMRAM 00000D
lcd_print_with_position@x         cstackCOMRAM 000005
lcd_print_with_position@y         cstackCOMRAM 000007
main@F3530                        dataBANK0    0000CC
main@F3532                        dataBANK0    0000C4
main@fijas                        cstackBANK0  0000AA
main@i                            cstackBANK0  0000BA
main@i_355                        cstackBANK0  0000B8
main@i_357                        cstackBANK0  0000BC
main@i_359                        cstackBANK0  0000C0
main@j                            cstackBANK0  0000C2
main@picas                        cstackBANK0  0000A8
main@rnum                         cstackBANK0  0000B0
main@str                          cstackBANK0  0000AC
main@unum                         cstackBANK0  0000A0
main@x                            cstackBANK0  0000BE
pad@buf                           cstackCOMRAM 000013
pad@fp                            cstackCOMRAM 000011
pad@i                             cstackCOMRAM 000018
pad@p                             cstackCOMRAM 000015
pad@w                             cstackCOMRAM 00001A
sprintf@ap                        cstackBANK0  000094
sprintf@f                         cstackBANK0  000096
sprintf@fmt                       cstackCOMRAM 00005A
sprintf@s                         cstackCOMRAM 000058
srand@s                           cstackCOMRAM 000023
stackhi                           (abs)        0007FF
stacklo                           (abs)        0000D4
start                             init         00000E
start_initialization              cinit        001992
strlen@a                          cstackCOMRAM 000003
strlen@s                          cstackCOMRAM 000001
ttemp5                            temp         00005F
ttemp6                            temp         000062
ttemp7                            temp         000066
vfpfcnvrt@ap                      cstackCOMRAM 000044
vfpfcnvrt@fmt                     cstackCOMRAM 000042
vfpfcnvrt@fp                      cstackCOMRAM 000040
vfpfcnvrt@ll                      cstackCOMRAM 000048
vfprintf@ap                       cstackCOMRAM 000054
vfprintf@cfmt                     cstackCOMRAM 000056
vfprintf@fmt                      cstackCOMRAM 000052
vfprintf@fp                       cstackCOMRAM 000050
wtemp8                            temp         00005F


FUNCTION INFORMATION:

 *************** function _main *****************
 Defined at:
		line 39 in file "newmain.c"
 Parameters:    Size  Location     Type
		None
 Auto vars:     Size  Location     Type
  j               2   48[BANK0 ] int 
  x               2   44[BANK0 ] int 
  i               2   46[BANK0 ] int 
  i               2   42[BANK0 ] int 
  i               2   38[BANK0 ] int 
  fijas           2   24[BANK0 ] int 
  picas           2   22[BANK0 ] int 
  i               2   40[BANK0 ] int 
  rnum            8   30[BANK0 ] int [4]
  unum            8   14[BANK0 ] int [4]
  str             4   26[BANK0 ] unsigned char [4]
 Return value:  Size  Location     Type
                  1    wreg      void 
 Registers used:
		wreg, fsr1l, fsr1h, fsr2l, fsr2h, status,2, status,0, tblptrl, tblptrh, tblptru, cstack
 Tracked objects:
		On entry : 
		On exit  : 
		Unchanged: 
 Data sizes:     COMRAM   BANK0   BANK1   BANK2   BANK3   BANK4   BANK5   BANK6   BANK7
      Params:         0       0       0       0       0       0       0       0       0
      Locals:         0      36       0       0       0       0       0       0       0
      Temps:          0       4       0       0       0       0       0       0       0
      Totals:         0      40       0       0       0       0       0       0       0
Total ram usage:       40 bytes
 Hardware stack levels required when called:    9
 This function calls:
		_ExtInt_Init
		_Port_Init
		___awmod
		_lcd_clear_display
		_lcd_init
		_lcd_print
		_lcd_print_with_position
		_rand
		_sprintf
		_srand
 This function is called by:
		Startup code after reset
 This function uses a non-reentrant model


 *************** function _srand *****************
 Defined at:
		line 10 in file "C:\Program Files\Microchip\xc8\v2.20\pic\sources\c99\common\rand.c"
 Parameters:    Size  Location     Type
  s               2   34[COMRAM] unsigned int 
 Auto vars:     Size  Location     Type
		None
 Return value:  Size  Location     Type
                  1    wreg      void 
 Registers used:
		wreg, status,2, status,0
 Tracked objects:
		On entry : 
		On exit  : 
		Unchanged: 
 Data sizes:     COMRAM   BANK0   BANK1   BANK2   BANK3   BANK4   BANK5   BANK6   BANK7
      Params:         2       0       0       0       0       0       0       0       0
      Locals:         0       0       0       0       0       0       0       0       0
      Temps:          4       0       0       0       0       0       0       0       0
      Totals:         6       0       0       0       0       0       0       0       0
Total ram usage:        6 bytes
 Hardware stack levels used:    1
 Hardware stack levels required when called:    1
 This function calls:
		Nothing
 This function is called by:
		_main
 This function uses a non-reentrant model


 *************** function _sprintf *****************
 Defined at:
		line 9 in file "C:\Program Files\Microchip\xc8\v2.20\pic\sources\c99\common\nf_sprintf.c"
 Parameters:    Size  Location     Type
  s               2   87[COMRAM] PTR unsigned char 
		 -> main@str(4), 
  fmt             2   89[COMRAM] PTR const unsigned char 
		 -> STR_6(3), STR_5(3), STR_4(3), STR_2(3), 
 Auto vars:     Size  Location     Type
  f               6    4[BANK0 ] struct _IO_FILE
  ap              2    2[BANK0 ] PTR void [1]
		 -> ?_sprintf(2), 
  ret             2    0        int 
 Return value:  Size  Location     Type
                  2   87[COMRAM] int 
 Registers used:
		wreg, fsr1l, fsr1h, fsr2l, fsr2h, status,2, status,0, tblptrl, tblptrh, tblptru, cstack
 Tracked objects:
		On entry : 
		On exit  : 
		Unchanged: 
 Data sizes:     COMRAM   BANK0   BANK1   BANK2   BANK3   BANK4   BANK5   BANK6   BANK7
      Params:         6       0       0       0       0       0       0       0       0
      Locals:         0      10       0       0       0       0       0       0       0
      Temps:          0       0       0       0       0       0       0       0       0
      Totals:         6      10       0       0       0       0       0       0       0
Total ram usage:       16 bytes
 Hardware stack levels used:    1
 Hardware stack levels required when called:    8
 This function calls:
		_vfprintf
 This function is called by:
		_main
 This function uses a non-reentrant model


 *************** function _vfprintf *****************
 Defined at:
		line 1368 in file "C:\Program Files\Microchip\xc8\v2.20\pic\sources\c99\common\doprnt.c"
 Parameters:    Size  Location     Type
  fp              2   79[COMRAM] PTR struct _IO_FILE
		 -> sprintf@f(6), 
  fmt             2   81[COMRAM] PTR const unsigned char 
		 -> STR_6(3), STR_5(3), STR_4(3), STR_2(3), 
  ap              2   83[COMRAM] PTR PTR void 
		 -> sprintf@ap(2), 
 Auto vars:     Size  Location     Type
  cfmt            2   85[COMRAM] PTR unsigned char 
		 -> STR_6(3), STR_5(3), STR_4(3), STR_2(3), 
 Return value:  Size  Location     Type
                  2   79[COMRAM] int 
 Registers used:
		wreg, fsr1l, fsr1h, fsr2l, fsr2h, status,2, status,0, tblptrl, tblptrh, tblptru, cstack
 Tracked objects:
		On entry : 
		On exit  : 
		Unchanged: 
 Data sizes:     COMRAM   BANK0   BANK1   BANK2   BANK3   BANK4   BANK5   BANK6   BANK7
      Params:         6       0       0       0       0       0       0       0       0
      Locals:         2       0       0       0       0       0       0       0       0
      Temps:          0       0       0       0       0       0       0       0       0
      Totals:         8       0       0       0       0       0       0       0       0
Total ram usage:        8 bytes
 Hardware stack levels used:    1
 Hardware stack levels required when called:    7
 This function calls:
		_vfpfcnvrt
 This function is called by:
		_sprintf
 This function uses a non-reentrant model


 *************** function _vfpfcnvrt *****************
 Defined at:
		line 670 in file "C:\Program Files\Microchip\xc8\v2.20\pic\sources\c99\common\doprnt.c"
 Parameters:    Size  Location     Type
  fp              2   63[COMRAM] PTR struct _IO_FILE
		 -> sprintf@f(6), 
  fmt             2   65[COMRAM] PTR PTR unsigned char 
		 -> vfprintf@cfmt(2), 
  ap              2   67[COMRAM] PTR PTR void 
		 -> sprintf@ap(2), 
 Auto vars:     Size  Location     Type
  ll              8   71[COMRAM] long long 
  llu             8    0        unsigned long long 
  f               4    0        unsigned long long 
  vp              3    0        PTR void 
  ct              3    0        unsigned char [3]
  cp              3    0        PTR unsigned char 
  i               2    0        int 
  done            2    0        int 
  c               1    0        unsigned char 
 Return value:  Size  Location     Type
                  2   63[COMRAM] int 
 Registers used:
		wreg, fsr1l, fsr1h, fsr2l, fsr2h, status,2, status,0, tblptrl, tblptrh, tblptru, cstack
 Tracked objects:
		On entry : 
		On exit  : 
		Unchanged: 
 Data sizes:     COMRAM   BANK0   BANK1   BANK2   BANK3   BANK4   BANK5   BANK6   BANK7
      Params:         6       0       0       0       0       0       0       0       0
      Locals:         8       0       0       0       0       0       0       0       0
      Temps:          2       0       0       0       0       0       0       0       0
      Totals:        16       0       0       0       0       0       0       0       0
Total ram usage:       16 bytes
 Hardware stack levels used:    1
 Hardware stack levels required when called:    6
 This function calls:
		_dtoa
		_fputc
 This function is called by:
		_vfprintf
 This function uses a non-reentrant model


 *************** function _dtoa *****************
 Defined at:
		line 274 in file "C:\Program Files\Microchip\xc8\v2.20\pic\sources\c99\common\doprnt.c"
 Parameters:    Size  Location     Type
  fp              2   27[COMRAM] PTR struct _IO_FILE
		 -> sprintf@f(6), 
  d               8   29[COMRAM] long long 
 Auto vars:     Size  Location     Type
  n               8   53[COMRAM] long long 
  i               2   61[COMRAM] int 
  s               2   51[COMRAM] int 
  w               2   49[COMRAM] int 
  p               2   47[COMRAM] int 
 Return value:  Size  Location     Type
                  2   27[COMRAM] int 
 Registers used:
		wreg, fsr1l, fsr1h, fsr2l, fsr2h, status,2, status,0, cstack
 Tracked objects:
		On entry : 
		On exit  : 
		Unchanged: 
 Data sizes:     COMRAM   BANK0   BANK1   BANK2   BANK3   BANK4   BANK5   BANK6   BANK7
      Params:        10       0       0       0       0       0       0       0       0
      Locals:        18       0       0       0       0       0       0       0       0
      Temps:          8       0       0       0       0       0       0       0       0
      Totals:        36       0       0       0       0       0       0       0       0
Total ram usage:       36 bytes
 Hardware stack levels used:    1
 Hardware stack levels required when called:    5
 This function calls:
		___aodiv
		___aomod
		_abs
		_pad
 This function is called by:
		_vfpfcnvrt
 This function uses a non-reentrant model


 *************** function _pad *****************
 Defined at:
		line 72 in file "C:\Program Files\Microchip\xc8\v2.20\pic\sources\c99\common\doprnt.c"
 Parameters:    Size  Location     Type
  fp              2   16[COMRAM] PTR struct _IO_FILE
		 -> sprintf@f(6), 
  buf             2   18[COMRAM] PTR unsigned char 
		 -> dbuf(32), 
  p               2   20[COMRAM] int 
 Auto vars:     Size  Location     Type
  w               2   25[COMRAM] int 
  i               2   23[COMRAM] int 
 Return value:  Size  Location     Type
                  2   16[COMRAM] int 
 Registers used:
		wreg, fsr1l, fsr1h, fsr2l, fsr2h, status,2, status,0, cstack
 Tracked objects:
		On entry : 
		On exit  : 
		Unchanged: 
 Data sizes:     COMRAM   BANK0   BANK1   BANK2   BANK3   BANK4   BANK5   BANK6   BANK7
      Params:         6       0       0       0       0       0       0       0       0
      Locals:         4       0       0       0       0       0       0       0       0
      Temps:          1       0       0       0       0       0       0       0       0
      Totals:        11       0       0       0       0       0       0       0       0
Total ram usage:       11 bytes
 Hardware stack levels used:    1
 Hardware stack levels required when called:    4
 This function calls:
		_fputc
		_fputs
		_strlen
 This function is called by:
		_dtoa
 This function uses a non-reentrant model


 *************** function _strlen *****************
 Defined at:
		line 5 in file "C:\Program Files\Microchip\xc8\v2.20\pic\sources\c99\common\strlen.c"
 Parameters:    Size  Location     Type
  s               2    0[COMRAM] PTR const unsigned char 
		 -> dbuf(32), 
 Auto vars:     Size  Location     Type
  a               2    2[COMRAM] PTR const unsigned char 
		 -> dbuf(32), 
 Return value:  Size  Location     Type
                  2    0[COMRAM] unsigned int 
 Registers used:
		wreg, fsr2l, fsr2h, status,2, status,0
 Tracked objects:
		On entry : 
		On exit  : 
		Unchanged: 
 Data sizes:     COMRAM   BANK0   BANK1   BANK2   BANK3   BANK4   BANK5   BANK6   BANK7
      Params:         2       0       0       0       0       0       0       0       0
      Locals:         2       0       0       0       0       0       0       0       0
      Temps:          0       0       0       0       0       0       0       0       0
      Totals:         4       0       0       0       0       0       0       0       0
Total ram usage:        4 bytes
 Hardware stack levels used:    1
 Hardware stack levels required when called:    1
 This function calls:
		Nothing
 This function is called by:
		_pad
 This function uses a non-reentrant model


 *************** function _fputs *****************
 Defined at:
		line 8 in file "C:\Program Files\Microchip\xc8\v2.20\pic\sources\c99\common\nf_fputs.c"
 Parameters:    Size  Location     Type
  s               2    9[COMRAM] PTR const unsigned char 
		 -> dbuf(32), 
  fp              2   11[COMRAM] PTR struct _IO_FILE
		 -> sprintf@f(6), 
 Auto vars:     Size  Location     Type
  i               2   14[COMRAM] int 
  c               1   13[COMRAM] unsigned char 
 Return value:  Size  Location     Type
                  2    9[COMRAM] int 
 Registers used:
		wreg, fsr1l, fsr1h, fsr2l, fsr2h, status,2, status,0, cstack
 Tracked objects:
		On entry : 
		On exit  : 
		Unchanged: 
 Data sizes:     COMRAM   BANK0   BANK1   BANK2   BANK3   BANK4   BANK5   BANK6   BANK7
      Params:         4       0       0       0       0       0       0       0       0
      Locals:         3       0       0       0       0       0       0       0       0
      Temps:          0       0       0       0       0       0       0       0       0
      Totals:         7       0       0       0       0       0       0       0       0
Total ram usage:        7 bytes
 Hardware stack levels used:    1
 Hardware stack levels required when called:    3
 This function calls:
		_fputc
 This function is called by:
		_pad
 This function uses a non-reentrant model


 *************** function _fputc *****************
 Defined at:
		line 8 in file "C:\Program Files\Microchip\xc8\v2.20\pic\sources\c99\common\nf_fputc.c"
 Parameters:    Size  Location     Type
  c               2    0[COMRAM] int 
  fp              2    2[COMRAM] PTR struct _IO_FILE
		 -> sprintf@f(6), 
 Auto vars:     Size  Location     Type
		None
 Return value:  Size  Location     Type
                  2    0[COMRAM] int 
 Registers used:
		wreg, fsr1l, fsr1h, fsr2l, fsr2h, status,2, status,0, cstack
 Tracked objects:
		On entry : 
		On exit  : 
		Unchanged: 
 Data sizes:     COMRAM   BANK0   BANK1   BANK2   BANK3   BANK4   BANK5   BANK6   BANK7
      Params:         4       0       0       0       0       0       0       0       0
      Locals:         0       0       0       0       0       0       0       0       0
      Temps:          5       0       0       0       0       0       0       0       0
      Totals:         9       0       0       0       0       0       0       0       0
Total ram usage:        9 bytes
 Hardware stack levels used:    1
 Hardware stack levels required when called:    2
 This function calls:
		_putch
 This function is called by:
		_pad
		_vfpfcnvrt
		_fputs
 This function uses a non-reentrant model


 *************** function _putch *****************
 Defined at:
		line 7 in file "C:\Program Files\Microchip\xc8\v2.20\pic\sources\c99\common\putch.c"
 Parameters:    Size  Location     Type
  c               1    wreg     unsigned char 
 Auto vars:     Size  Location     Type
  c               1    0[COMRAM] unsigned char 
 Return value:  Size  Location     Type
                  1    wreg      void 
 Registers used:
		wreg
 Tracked objects:
		On entry : 
		On exit  : 
		Unchanged: 
 Data sizes:     COMRAM   BANK0   BANK1   BANK2   BANK3   BANK4   BANK5   BANK6   BANK7
      Params:         0       0       0       0       0       0       0       0       0
      Locals:         0       0       0       0       0       0       0       0       0
      Temps:          0       0       0       0       0       0       0       0       0
      Totals:         0       0       0       0       0       0       0       0       0
Total ram usage:        0 bytes
 Hardware stack levels used:    1
 Hardware stack levels required when called:    1
 This function calls:
		Nothing
 This function is called by:
		_fputc
 This function uses a non-reentrant model


 *************** function _abs *****************
 Defined at:
		line 1 in file "C:\Program Files\Microchip\xc8\v2.20\pic\sources\c99\common\abs.c"
 Parameters:    Size  Location     Type
  a               2   18[COMRAM] int 
 Auto vars:     Size  Location     Type
		None
 Return value:  Size  Location     Type
                  2   18[COMRAM] int 
 Registers used:
		wreg, status,2, status,0
 Tracked objects:
		On entry : 
		On exit  : 
		Unchanged: 
 Data sizes:     COMRAM   BANK0   BANK1   BANK2   BANK3   BANK4   BANK5   BANK6   BANK7
      Params:         2       0       0       0       0       0       0       0       0
      Locals:         0       0       0       0       0       0       0       0       0
      Temps:          2       0       0       0       0       0       0       0       0
      Totals:         4       0       0       0       0       0       0       0       0
Total ram usage:        4 bytes
 Hardware stack levels used:    1
 Hardware stack levels required when called:    1
 This function calls:
		Nothing
 This function is called by:
		_dtoa
 This function uses a non-reentrant model


 *************** function ___aomod *****************
 Defined at:
		line 9 in file "C:\Program Files\Microchip\xc8\v2.20\pic\sources\c99\common\aomod.c"
 Parameters:    Size  Location     Type
  dividend        8    0[COMRAM] long long 
  divisor         8    8[COMRAM] long long 
 Auto vars:     Size  Location     Type
  sign            1   17[COMRAM] unsigned char 
  counter         1   16[COMRAM] unsigned char 
 Return value:  Size  Location     Type
                  8    0[COMRAM] long long 
 Registers used:
		wreg, status,2, status,0
 Tracked objects:
		On entry : 
		On exit  : 
		Unchanged: 
 Data sizes:     COMRAM   BANK0   BANK1   BANK2   BANK3   BANK4   BANK5   BANK6   BANK7
      Params:        16       0       0       0       0       0       0       0       0
      Locals:         2       0       0       0       0       0       0       0       0
      Temps:          0       0       0       0       0       0       0       0       0
      Totals:        18       0       0       0       0       0       0       0       0
Total ram usage:       18 bytes
 Hardware stack levels used:    1
 Hardware stack levels required when called:    1
 This function calls:
		Nothing
 This function is called by:
		_dtoa
 This function uses a non-reentrant model


 *************** function ___aodiv *****************
 Defined at:
		line 9 in file "C:\Program Files\Microchip\xc8\v2.20\pic\sources\c99\common\aodiv.c"
 Parameters:    Size  Location     Type
  dividend        8    0[COMRAM] long long 
  divisor         8    8[COMRAM] long long 
 Auto vars:     Size  Location     Type
  quotient        8   18[COMRAM] long long 
  sign            1   17[COMRAM] unsigned char 
  counter         1   16[COMRAM] unsigned char 
 Return value:  Size  Location     Type
                  8    0[COMRAM] long long 
 Registers used:
		wreg, fsr2l, fsr2h, status,2, status,0
 Tracked objects:
		On entry : 
		On exit  : 
		Unchanged: 
 Data sizes:     COMRAM   BANK0   BANK1   BANK2   BANK3   BANK4   BANK5   BANK6   BANK7
      Params:        16       0       0       0       0       0       0       0       0
      Locals:        10       0       0       0       0       0       0       0       0
      Temps:          0       0       0       0       0       0       0       0       0
      Totals:        26       0       0       0       0       0       0       0       0
Total ram usage:       26 bytes
 Hardware stack levels used:    1
 Hardware stack levels required when called:    1
 This function calls:
		Nothing
 This function is called by:
		_dtoa
 This function uses a non-reentrant model


 *************** function _rand *****************
 Defined at:
		line 15 in file "C:\Program Files\Microchip\xc8\v2.20\pic\sources\c99\common\rand.c"
 Parameters:    Size  Location     Type
		None
 Auto vars:     Size  Location     Type
		None
 Return value:  Size  Location     Type
                  2   24[COMRAM] int 
 Registers used:
		wreg, fsr2l, fsr2h, status,2, status,0, cstack
 Tracked objects:
		On entry : 
		On exit  : 
		Unchanged: 
 Data sizes:     COMRAM   BANK0   BANK1   BANK2   BANK3   BANK4   BANK5   BANK6   BANK7
      Params:         2       0       0       0       0       0       0       0       0
      Locals:         0       0       0       0       0       0       0       0       0
      Temps:          8       0       0       0       0       0       0       0       0
      Totals:        10       0       0       0       0       0       0       0       0
Total ram usage:       10 bytes
 Hardware stack levels used:    1
 Hardware stack levels required when called:    2
 This function calls:
		___omul
 This function is called by:
		_main
 This function uses a non-reentrant model


 *************** function ___omul *****************
 Defined at:
		line 91 in file "C:\Program Files\Microchip\xc8\v2.20\pic\sources\c99\common\Umul64.c"
 Parameters:    Size  Location     Type
  multiplier      8    0[COMRAM] unsigned long long 
  multiplicand    8    8[COMRAM] unsigned long long 
 Auto vars:     Size  Location     Type
  product         8   16[COMRAM] unsigned long long 
 Return value:  Size  Location     Type
                  8    0[COMRAM] unsigned long long 
 Registers used:
		wreg, fsr2l, fsr2h, status,2, status,0
 Tracked objects:
		On entry : 
		On exit  : 
		Unchanged: 
 Data sizes:     COMRAM   BANK0   BANK1   BANK2   BANK3   BANK4   BANK5   BANK6   BANK7
      Params:        16       0       0       0       0       0       0       0       0
      Locals:         8       0       0       0       0       0       0       0       0
      Temps:          0       0       0       0       0       0       0       0       0
      Totals:        24       0       0       0       0       0       0       0       0
Total ram usage:       24 bytes
 Hardware stack levels used:    1
 Hardware stack levels required when called:    1
 This function calls:
		Nothing
 This function is called by:
		_rand
 This function uses a non-reentrant model


 *************** function _lcd_print_with_position *****************
 Defined at:
		line 114 in file "../../Libraries\LCD.h"
 Parameters:    Size  Location     Type
  x               2    4[COMRAM] int 
  y               2    6[COMRAM] int 
  dato            2    8[COMRAM] PTR unsigned char 
		 -> STR_3(5), main@str(4), 
 Auto vars:     Size  Location     Type
  posicion        1   12[COMRAM] unsigned char 
 Return value:  Size  Location     Type
                  1    wreg      void 
 Registers used:
		wreg, fsr1l, fsr1h, status,2, status,0, tblptrl, tblptrh, tblptru, cstack
 Tracked objects:
		On entry : 
		On exit  : 
		Unchanged: 
 Data sizes:     COMRAM   BANK0   BANK1   BANK2   BANK3   BANK4   BANK5   BANK6   BANK7
      Params:         6       0       0       0       0       0       0       0       0
      Locals:         1       0       0       0       0       0       0       0       0
      Temps:          2       0       0       0       0       0       0       0       0
      Totals:         9       0       0       0       0       0       0       0       0
Total ram usage:        9 bytes
 Hardware stack levels used:    1
 Hardware stack levels required when called:    4
 This function calls:
		_lcd_control
		_lcd_print
 This function is called by:
		_main
 This function uses a non-reentrant model


 *************** function _lcd_print *****************
 Defined at:
		line 93 in file "../../Libraries\LCD.h"
 Parameters:    Size  Location     Type
  dato            2    2[COMRAM] PTR unsigned char 
		 -> STR_3(5), main@str(4), STR_1(10), 
 Auto vars:     Size  Location     Type
		None
 Return value:  Size  Location     Type
                  1    wreg      void 
 Registers used:
		wreg, fsr1l, fsr1h, status,2, status,0, tblptrl, tblptrh, tblptru, cstack
 Tracked objects:
		On entry : 
		On exit  : 
		Unchanged: 
 Data sizes:     COMRAM   BANK0   BANK1   BANK2   BANK3   BANK4   BANK5   BANK6   BANK7
      Params:         2       0       0       0       0       0       0       0       0
      Locals:         0       0       0       0       0       0       0       0       0
      Temps:          0       0       0       0       0       0       0       0       0
      Totals:         2       0       0       0       0       0       0       0       0
Total ram usage:        2 bytes
 Hardware stack levels used:    1
 Hardware stack levels required when called:    3
 This function calls:
		_lcd_dato
 This function is called by:
		_lcd_print_with_position
		_main
 This function uses a non-reentrant model


 *************** function _lcd_dato *****************
 Defined at:
		line 67 in file "../../Libraries\LCD.h"
 Parameters:    Size  Location     Type
  dato            1    wreg     unsigned char 
 Auto vars:     Size  Location     Type
  dato            1    1[COMRAM] unsigned char 
 Return value:  Size  Location     Type
                  1    wreg      void 
 Registers used:
		wreg, status,2, status,0, cstack
 Tracked objects:
		On entry : 
		On exit  : 
		Unchanged: 
 Data sizes:     COMRAM   BANK0   BANK1   BANK2   BANK3   BANK4   BANK5   BANK6   BANK7
      Params:         0       0       0       0       0       0       0       0       0
      Locals:         1       0       0       0       0       0       0       0       0
      Temps:          1       0       0       0       0       0       0       0       0
      Totals:         2       0       0       0       0       0       0       0       0
Total ram usage:        2 bytes
 Hardware stack levels used:    1
 Hardware stack levels required when called:    2
 This function calls:
		_lcd_time_control
 This function is called by:
		_lcd_print
		_lcd_print_var
		_lcd_put_caracter
 This function uses a non-reentrant model


 *************** function _lcd_init *****************
 Defined at:
		line 30 in file "../../Libraries\LCD.h"
 Parameters:    Size  Location     Type
		None
 Auto vars:     Size  Location     Type
		None
 Return value:  Size  Location     Type
                  1    wreg      void 
 Registers used:
		wreg, status,2, status,0, cstack
 Tracked objects:
		On entry : 
		On exit  : 
		Unchanged: 
 Data sizes:     COMRAM   BANK0   BANK1   BANK2   BANK3   BANK4   BANK5   BANK6   BANK7
      Params:         0       0       0       0       0       0       0       0       0
      Locals:         0       0       0       0       0       0       0       0       0
      Temps:          1       0       0       0       0       0       0       0       0
      Totals:         1       0       0       0       0       0       0       0       0
Total ram usage:        1 bytes
 Hardware stack levels used:    1
 Hardware stack levels required when called:    3
 This function calls:
		_lcd_control
 This function is called by:
		_main
 This function uses a non-reentrant model


 *************** function _lcd_clear_display *****************
 Defined at:
		line 79 in file "../../Libraries\LCD.h"
 Parameters:    Size  Location     Type
		None
 Auto vars:     Size  Location     Type
		None
 Return value:  Size  Location     Type
                  1    wreg      void 
 Registers used:
		wreg, status,2, status,0, cstack
 Tracked objects:
		On entry : 
		On exit  : 
		Unchanged: 
 Data sizes:     COMRAM   BANK0   BANK1   BANK2   BANK3   BANK4   BANK5   BANK6   BANK7
      Params:         0       0       0       0       0       0       0       0       0
      Locals:         0       0       0       0       0       0       0       0       0
      Temps:          0       0       0       0       0       0       0       0       0
      Totals:         0       0       0       0       0       0       0       0       0
Total ram usage:        0 bytes
 Hardware stack levels used:    1
 Hardware stack levels required when called:    3
 This function calls:
		_lcd_control
 This function is called by:
		_main
 This function uses a non-reentrant model


 *************** function _lcd_control *****************
 Defined at:
		line 53 in file "../../Libraries\LCD.h"
 Parameters:    Size  Location     Type
  dato            1    wreg     unsigned char 
 Auto vars:     Size  Location     Type
  dato            1    1[COMRAM] unsigned char 
 Return value:  Size  Location     Type
                  1    wreg      void 
 Registers used:
		wreg, status,2, status,0, cstack
 Tracked objects:
		On entry : 
		On exit  : 
		Unchanged: 
 Data sizes:     COMRAM   BANK0   BANK1   BANK2   BANK3   BANK4   BANK5   BANK6   BANK7
      Params:         0       0       0       0       0       0       0       0       0
      Locals:         1       0       0       0       0       0       0       0       0
      Temps:          1       0       0       0       0       0       0       0       0
      Totals:         2       0       0       0       0       0       0       0       0
Total ram usage:        2 bytes
 Hardware stack levels used:    1
 Hardware stack levels required when called:    2
 This function calls:
		_lcd_time_control
 This function is called by:
		_lcd_init
		_lcd_clear_display
		_lcd_print_with_position
		_lcd_move_text
		_lcd_cursor_home
		_lcd_goto
		_lcd_put_caracter
 This function uses a non-reentrant model


 *************** function _lcd_time_control *****************
 Defined at:
		line 158 in file "../../Libraries\LCD.h"
 Parameters:    Size  Location     Type
		None
 Auto vars:     Size  Location     Type
		None
 Return value:  Size  Location     Type
                  1    wreg      void 
 Registers used:
		wreg
 Tracked objects:
		On entry : 
		On exit  : 
		Unchanged: 
 Data sizes:     COMRAM   BANK0   BANK1   BANK2   BANK3   BANK4   BANK5   BANK6   BANK7
      Params:         0       0       0       0       0       0       0       0       0
      Locals:         0       0       0       0       0       0       0       0       0
      Temps:          0       0       0       0       0       0       0       0       0
      Totals:         0       0       0       0       0       0       0       0       0
Total ram usage:        0 bytes
 Hardware stack levels used:    1
 Hardware stack levels required when called:    1
 This function calls:
		Nothing
 This function is called by:
		_lcd_control
		_lcd_dato
 This function uses a non-reentrant model


 *************** function ___awmod *****************
 Defined at:
		line 7 in file "C:\Program Files\Microchip\xc8\v2.20\pic\sources\c99\common\awmod.c"
 Parameters:    Size  Location     Type
  dividend        2   34[COMRAM] int 
  divisor         2   36[COMRAM] int 
 Auto vars:     Size  Location     Type
  sign            1   39[COMRAM] unsigned char 
  counter         1   38[COMRAM] unsigned char 
 Return value:  Size  Location     Type
                  2   34[COMRAM] int 
 Registers used:
		wreg, status,2, status,0
 Tracked objects:
		On entry : 
		On exit  : 
		Unchanged: 
 Data sizes:     COMRAM   BANK0   BANK1   BANK2   BANK3   BANK4   BANK5   BANK6   BANK7
      Params:         4       0       0       0       0       0       0       0       0
      Locals:         2       0       0       0       0       0       0       0       0
      Temps:          0       0       0       0       0       0       0       0       0
      Totals:         6       0       0       0       0       0       0       0       0
Total ram usage:        6 bytes
 Hardware stack levels used:    1
 Hardware stack levels required when called:    1
 This function calls:
		Nothing
 This function is called by:
		_main
 This function uses a non-reentrant model


 *************** function _Port_Init *****************
 Defined at:
		line 32 in file "newmain.c"
 Parameters:    Size  Location     Type
		None
 Auto vars:     Size  Location     Type
		None
 Return value:  Size  Location     Type
                  1    wreg      void 
 Registers used:
		wreg, status,2
 Tracked objects:
		On entry : 
		On exit  : 
		Unchanged: 
 Data sizes:     COMRAM   BANK0   BANK1   BANK2   BANK3   BANK4   BANK5   BANK6   BANK7
      Params:         0       0       0       0       0       0       0       0       0
      Locals:         0       0       0       0       0       0       0       0       0
      Temps:          0       0       0       0       0       0       0       0       0
      Totals:         0       0       0       0       0       0       0       0       0
Total ram usage:        0 bytes
 Hardware stack levels used:    1
 Hardware stack levels required when called:    1
 This function calls:
		Nothing
 This function is called by:
		_main
 This function uses a non-reentrant model


 *************** function _ExtInt_Init *****************
 Defined at:
		line 18 in file "newmain.c"
 Parameters:    Size  Location     Type
		None
 Auto vars:     Size  Location     Type
		None
 Return value:  Size  Location     Type
                  1    wreg      void 
 Registers used:
		None
 Tracked objects:
		On entry : 
		On exit  : 
		Unchanged: 
 Data sizes:     COMRAM   BANK0   BANK1   BANK2   BANK3   BANK4   BANK5   BANK6   BANK7
      Params:         0       0       0       0       0       0       0       0       0
      Locals:         0       0       0       0       0       0       0       0       0
      Temps:          0       0       0       0       0       0       0       0       0
      Totals:         0       0       0       0       0       0       0       0       0
Total ram usage:        0 bytes
 Hardware stack levels used:    1
 Hardware stack levels required when called:    1
 This function calls:
		Nothing
 This function is called by:
		_main
 This function uses a non-reentrant model


 *************** function _ISR *****************
 Defined at:
		line 93 in file "newmain.c"
 Parameters:    Size  Location     Type
		None
 Auto vars:     Size  Location     Type
		None
 Return value:  Size  Location     Type
                  1    wreg      void 
 Registers used:
		wreg, status,2, status,0
 Tracked objects:
		On entry : 
		On exit  : 
		Unchanged: 
 Data sizes:     COMRAM   BANK0   BANK1   BANK2   BANK3   BANK4   BANK5   BANK6   BANK7
      Params:         0       0       0       0       0       0       0       0       0
      Locals:         0       0       0       0       0       0       0       0       0
      Temps:          0       0       0       0       0       0       0       0       0
      Totals:         0       0       0       0       0       0       0       0       0
Total ram usage:        0 bytes
 Hardware stack levels used:    1
 This function calls:
		Nothing
 This function is called by:
		Interrupt level 2
 This function uses a non-reentrant model



MODULE INFORMATION

Module		Function		Class		Link	Load	Size
C:\Program Files\Microchip\xc8\v2.20\pic\sources\c99\common\nf_fputc.c
		_fputc         		CODE           	1482	0000	203

C:\Program Files\Microchip\xc8\v2.20\pic\sources\c99\common\nf_fputc.c estimated size: 203

../../Libraries\LCD.h
		_lcd_time_control		CODE           	1ADE	0000	23
		_lcd_dato      		CODE           	1A9C	0000	43
		_lcd_print     		CODE           	17C2	0000	95
		_lcd_control   		CODE           	1A3A	0000	51
		_lcd_print_with_position		CODE           	1820	0000	89
		_lcd_clear_display		CODE           	1B16	0000	9
		_lcd_init      		CODE           	19CC	0000	57

../../Libraries\LCD.h estimated size: 367

C:\Program Files\Microchip\xc8\v2.20\pic\sources\c99\common\doprnt.c
		_vfpfcnvrt     		CODE           	0F04	0000	437
		_pad           		CODE           	154C	0000	199
		_dtoa          		CODE           	0C22	0000	739
		_vfprintf      		CODE           	1760	0000	99

C:\Program Files\Microchip\xc8\v2.20\pic\sources\c99\common\doprnt.c estimated size: 1474

C:\Program Files\Microchip\xc8\v2.20\pic\sources\c99\common\Umul64.c
		___omul        		CODE           	16C2	0000	159

C:\Program Files\Microchip\xc8\v2.20\pic\sources\c99\common\Umul64.c estimated size: 159

C:\Program Files\Microchip\xc8\v2.20\pic\sources\c99\common\aomod.c
		___aomod       		CODE           	1240	0000	357

C:\Program Files\Microchip\xc8\v2.20\pic\sources\c99\common\aomod.c estimated size: 357

newmain.c
		_ISR           		CODE           	0008	0000	75
		_main          		CODE           	0814	0000	1039
		_Port_Init     		CODE           	1AF4	0000	19
		_ExtInt_Init   		CODE           	1AC6	0000	25

newmain.c estimated size: 1158

C:\Program Files\Microchip\xc8\v2.20\pic\sources\c99\common\nf_sprintf.c
		_sprintf       		CODE           	1878	0000	83

C:\Program Files\Microchip\xc8\v2.20\pic\sources\c99\common\nf_sprintf.c estimated size: 83

C:\Program Files\Microchip\xc8\v2.20\pic\sources\c99\common\awmod.c
		___awmod       		CODE           	1612	0000	177

C:\Program Files\Microchip\xc8\v2.20\pic\sources\c99\common\awmod.c estimated size: 177

C:\Program Files\Microchip\xc8\v2.20\pic\sources\c99\common\putch.c
		_putch         		CODE           	1B1E	0000	3

C:\Program Files\Microchip\xc8\v2.20\pic\sources\c99\common\putch.c estimated size: 3

C:\Program Files\Microchip\xc8\v2.20\pic\sources\c99\common\nf_fputs.c
		_fputs         		CODE           	18CA	0000	69

C:\Program Files\Microchip\xc8\v2.20\pic\sources\c99\common\nf_fputs.c estimated size: 69

shared
		__initialization		CODE           	1992	0000	45

shared estimated size: 45

C:\Program Files\Microchip\xc8\v2.20\pic\sources\c99\common\aodiv.c
		___aodiv       		CODE           	10B8	0000	393

C:\Program Files\Microchip\xc8\v2.20\pic\sources\c99\common\aodiv.c estimated size: 393

C:\Program Files\Microchip\xc8\v2.20\pic\sources\c99\common\abs.c
		_abs           		CODE           	1952	0000	65

C:\Program Files\Microchip\xc8\v2.20\pic\sources\c99\common\abs.c estimated size: 65

C:\Program Files\Microchip\xc8\v2.20\pic\sources\c99\common\strlen.c
		_strlen        		CODE           	1A04	0000	55

C:\Program Files\Microchip\xc8\v2.20\pic\sources\c99\common\strlen.c estimated size: 55

C:\Program Files\Microchip\xc8\v2.20\pic\sources\c99\common\rand.c
		_srand         		CODE           	1A6C	0000	49
		_rand          		CODE           	13A4	0000	223

C:\Program Files\Microchip\xc8\v2.20\pic\sources\c99\common\rand.c estimated size: 272

