Microchip MPLAB XC8 Compiler V2.20

Linker command line:

-W-3 --edf=C:\Program Files\Microchip\xc8\v2.20\pic\dat\en_msgs.txt -cn \
  -h+dist/default/production\05_Laboratory_01.X.production.sym \
  --cmf=dist/default/production\05_Laboratory_01.X.production.cmf -z \
  -Q18F4550 -oC:\Users\luism\AppData\Local\Temp\s3qk.2 \
  --defsym=__MPLAB_BUILD=1 \
  -Mdist/default/production/05_Laboratory_01.X.production.map -E1 \
  -ver=XC8 Compiler --acfsm=1493 -ASTACK=0162h-07FFh -pstack=STACK \
  -ACODE=00h-07FFFh -ACONST=00h-07FFFh -ASMALLCONST=0800h-08FFhx120 \
  -AMEDIUMCONST=0800h-07FFFh -ACOMRAM=01h-05Fh -AABS1=00h-07FFh \
  -ABIGRAM=01h-07FFh -ARAM=060h-0FFh,0100h-01FFhx7 -ABANK0=060h-0FFh \
  -ABANK1=0100h-01FFh -ABANK2=0200h-02FFh -ABANK3=0300h-03FFh \
  -ABANK4=0400h-04FFh -ABANK5=0500h-05FFh -ABANK6=0600h-06FFh \
  -ABANK7=0700h-07FFh -ASFR=0F60h-0FFFh -ACONFIG=0300000h-030000Dh \
  -AIDLOC=0200000h-0200007h \
  -preset_vec=00h,intcode=08h,intcodelo,powerup,init -pramtop=0800h \
  -psmallconst=SMALLCONST -pmediumconst=MEDIUMCONST -pconst=CONST \
  -AFARRAM=00h-00h -AEEDATA=0F00000h-0F000FFh -peeprom_data=EEDATA \
  -prdata=COMRAM,nvrram=COMRAM,nvbit=COMRAM,rbss=COMRAM,rbit=COMRAM \
  -pfarbss=FARRAM,fardata=FARRAM,nvFARRAM=FARRAM \
  -pintsave_regs=BIGRAM,bigbss=BIGRAM,bigdata=BIGRAM -pbss=RAM \
  -pidata=CODE,irdata=CODE,ibigdata=CODE,ifardata=CODE -prparam=COMRAM \
  C:\Users\luism\AppData\Local\Temp\s3qk.o \
  dist/default/production\05_Laboratory_01.X.production.o 

Object code version is 3.11

Machine type is 18F4550



                Name                               Link     Load   Length Selector   Space Scale
C:\Users\luism\AppData\Local\Temp\s3qk.o
                idloc                            200000   200000        8        0       5
                config                           300000   300000        E        0       4
                init                                  E        E        4        4       0
                reset_vec                             0        0        4        0       0
dist/default/production\05_Laboratory_01.X.production.o
                intcode                               8        8        6        4       0
                idloc                            200000   200000        8        0       5
                config                           300000   300000        E        0       4
                temp                                 5F       5F        1        1       1
                smallconst                          800      800       3A      400       0
                intcode_body                       4084     4084       44      41D       0
                text46                             42A0     42A0       1E      41D       0
                text45                             42EA     42EA        A      41D       0
                text44                             42D4     42D4       16      41D       0
                text43                             2EE2     2EE2      1B4      41D       0
                text42                             42BE     42BE       16      41D       0
                text41                             421E     421E       32      41D       0
                text40                             42FC     42FC        8      41D       0
                text39                             3F1E     3F1E       4C      41D       0
                text38                             41B0     41B0       38      41D       0
                text37                             4250     4250       2A      41D       0
                text36                             3D68     3D68       5E      41D       0
                text35                             3E22     3E22       58      41D       0
                text34                             3F6A     3F6A       4A      41D       0
                text33                             427A     427A       26      41D       0
                text32                             4178     4178       38      41D       0
                text31                             3ECC     3ECC       52      41D       0
                text30                             3096     3096      190      41D       0
                text29                             3226     3226      188      41D       0
                text28                             33AE     33AE      164      41D       0
                text27                             40C8     40C8       40      41D       0
                text26                             4304     4304        2      41D       0
                text25                             38F0     38F0       CA      41D       0
                text24                             4040     4040       44      41D       0
                text23                             41E8     41E8       36      41D       0
                text22                             39BA     39BA       C6      41D       0
                text21                             29EC     29EC      2E4      41D       0
                text20                             3A80     3A80       C4      41D       0
                text19                             3B44     3B44       B0      41D       0
                text18                             2308     2308      39A      41D       0
                text17                             3BF4     3BF4       AA      41D       0
                text16                             3618     3618      104      41D       0
                text15                             1EDE     1EDE      42A      41D       0
                text14                             4140     4140       38      41D       0
                text13                             1A1E     1A1E      4C0      41D       0
                text12                             3FFA     3FFA       46      41D       0
                text11                             3512     3512      106      41D       0
                text10                             371C     371C       FE      41D       0
                text9                              2CD0     2CD0      212      41D       0
                text8                              3DC6     3DC6       5C      41D       0
                text7                              4108     4108       38      41D       0
                text6                              3D08     3D08       60      41D       0
                text5                               83A      83A      BB0      41D       0
                text4                              381A     381A       D6      41D       0
                text3                              13EA     13EA      634      41D       0
                text2                              3C9E     3C9E       6A      41D       0
                text1                              3E7A     3E7A       52      41D       0
                text0                              26A2     26A2      34A      41D       0
                cstackCOMRAM                          1        1       5E        1       1
                cstackBANK0                          60       60       97       60       1
                dataBANK1                           15A      15A        8      100       1
                bssBANK1                            100      100       5A      100       1
                bssBANK0                             F7       F7        8       60       1
                cinit                              3FB4     3FB4       46      41D       0
                idataBANK1                         42F4     42F4        8      41D       0

TOTAL           Name                               Link     Load   Length     Space
        CLASS   STACK          

        CLASS   CODE           
                intcode                               8        8        6         0
                init                                  E        E        4         0
                reset_vec                             0        0        4         0
                intcode_body                       4084     4084       44         0
                text46                             42A0     42A0       1E         0
                text45                             42EA     42EA        A         0
                text44                             42D4     42D4       16         0
                text43                             2EE2     2EE2      1B4         0
                text42                             42BE     42BE       16         0
                text41                             421E     421E       32         0
                text40                             42FC     42FC        8         0
                text39                             3F1E     3F1E       4C         0
                text38                             41B0     41B0       38         0
                text37                             4250     4250       2A         0
                text36                             3D68     3D68       5E         0
                text35                             3E22     3E22       58         0
                text34                             3F6A     3F6A       4A         0
                text33                             427A     427A       26         0
                text32                             4178     4178       38         0
                text31                             3ECC     3ECC       52         0
                text30                             3096     3096      190         0
                text29                             3226     3226      188         0
                text28                             33AE     33AE      164         0
                text27                             40C8     40C8       40         0
                text26                             4304     4304        2         0
                text25                             38F0     38F0       CA         0
                text24                             4040     4040       44         0
                text23                             41E8     41E8       36         0
                text22                             39BA     39BA       C6         0
                text21                             29EC     29EC      2E4         0
                text20                             3A80     3A80       C4         0
                text19                             3B44     3B44       B0         0
                text18                             2308     2308      39A         0
                text17                             3BF4     3BF4       AA         0
                text16                             3618     3618      104         0
                text15                             1EDE     1EDE      42A         0
                text14                             4140     4140       38         0
                text13                             1A1E     1A1E      4C0         0
                text12                             3FFA     3FFA       46         0
                text11                             3512     3512      106         0
                text10                             371C     371C       FE         0
                text9                              2CD0     2CD0      212         0
                text8                              3DC6     3DC6       5C         0
                text7                              4108     4108       38         0
                text6                              3D08     3D08       60         0
                text5                               83A      83A      BB0         0
                text4                              381A     381A       D6         0
                text3                              13EA     13EA      634         0
                text2                              3C9E     3C9E       6A         0
                text1                              3E7A     3E7A       52         0
                text0                              26A2     26A2      34A         0
                cinit                              3FB4     3FB4       46         0
                idataBANK1                         42F4     42F4        8         0

        CLASS   CONST          

        CLASS   SMALLCONST     
                smallconst                          800      800       3A         0

        CLASS   MEDIUMCONST    

        CLASS   COMRAM         
                temp                                 5F       5F        1         1
                cstackCOMRAM                          1        1       5E         1

        CLASS   ABS1           

        CLASS   BIGRAM         

        CLASS   RAM            

        CLASS   BANK0          
                cstackBANK0                          60       60       97         1
                bssBANK0                             F7       F7        8         1

        CLASS   BANK1          
                dataBANK1                           15A      15A        8         1
                bssBANK1                            100      100       5A         1

        CLASS   BANK2          

        CLASS   BANK3          

        CLASS   BANK4          

        CLASS   BANK5          

        CLASS   BANK6          

        CLASS   BANK7          

        CLASS   SFR            

        CLASS   CONFIG         
                config                           300000   300000        E         4

        CLASS   IDLOC          
                idloc                            200000   200000        8         5

        CLASS   FARRAM         

        CLASS   EEDATA         



SEGMENTS        Name                           Load    Length   Top    Selector   Space  Class

                reset_vec                      000000  000004  000004         0       0  CODE    
                cstackCOMRAM                   000001  00005F  000060         1       1  COMRAM  
                intcode                        000008  00000A  000012         4       0  CODE    
                cstackBANK0                    000060  00009F  0000FF        60       1  BANK0   
                bssBANK1                       000100  000062  000162       100       1  BANK1   
                smallconst                     000800  00003A  00083A       400       0  SMALLCON
                text5                          00083A  003ACC  004306       41D       0  CODE    


UNUSED ADDRESS RANGES

        Name                Unused          Largest block    Delta
        BANK0            0000FF-0000FF                1
        BANK1            000162-0001FF               9E
        BANK2            000200-0002FF              100
        BANK3            000300-0003FF              100
        BANK4            000400-0004FF              100
        BANK5            000500-0005FF              100
        BANK6            000600-0006FF              100
        BANK7            000700-0007FF              100
        BIGRAM           0000FF-0000FF                1
                         000162-0007FF              69E
        CODE             000004-000007                4
                         000012-0007FF              7EE
                         004306-007FFF             3CFA
        CONST            000004-000007                4
                         000012-0007FF              7EE
                         004306-007FFF             3CFA
        EEDATA           F00000-F000FF              100
        MEDIUMCONST      004306-007FFF             3CFA
        RAM              0000FF-0000FF                1
                         000162-0007FF              100
        SFR              000F60-000FFF               A0
        SMALLCONST       004306-007FFF              100
        STACK            000162-0007FF              69E

                                  Symbol Table

?___aodiv                         cstackCOMRAM 000001
?___aomod                         cstackCOMRAM 000001
?___awdiv                         cstackCOMRAM 000001
?___awmod                         cstackCOMRAM 000001
?___fladd                         cstackCOMRAM 000047
?___fldiv                         cstackCOMRAM 000015
?___flmul                         cstackCOMRAM 00002E
?___flneg                         cstackCOMRAM 000001
?___flsub                         cstackCOMRAM 000057
?___fltol                         cstackCOMRAM 000047
?___fpclassifyf                   cstackCOMRAM 000001
?___wmul                          cstackCOMRAM 000001
?___xxtofl                        cstackCOMRAM 000007
?_abs                             cstackCOMRAM 000013
?_atoi                            cstackCOMRAM 000008
?_dtoa                            cstackCOMRAM 00001C
?_efgtoa                          cstackBANK0  000060
?_floorf                          cstackCOMRAM 00002E
?_isdigit                         cstackCOMRAM 000001
?_isspace                         cstackCOMRAM 000001
?_isupper                         cstackCOMRAM 000001
?_pad                             cstackCOMRAM 000011
?_sprintf                         cstackBANK0  0000CC
?_strlen                          cstackCOMRAM 000001
?_strncmp                         cstackCOMRAM 000001
?_tolower                         cstackCOMRAM 000007
?_vfpfcnvrt                       cstackBANK0  0000A4
?_vfprintf                        cstackBANK0  0000C4
_ADCON0bits                       (abs)        000FC2
_ADCON1                           (abs)        000FC1
_ADCON2bits                       (abs)        000FC0
_ADCon_Init                       text46       0042A0
_ADRESH                           (abs)        000FC4
_ADRESL                           (abs)        000FC3
_ExtInt_Init                      text45       0042EA
_INTCON2bits                      (abs)        000FF1
_INTCONbits                       (abs)        000FF2
_ISR                              intcode      000008
_LATC                             (abs)        000F8B
_LATEbits                         (abs)        000F8D
_OSCCONbits                       (abs)        000FD3
_PORTA                            (abs)        000F80
_PORTB                            (abs)        000F81
_Port_Init                        text44       0042D4
_TRISA                            (abs)        000F92
_TRISB                            (abs)        000F93
_TRISC                            (abs)        000F94
_TRISEbits                        (abs)        000F96
__HRAM                            (abs)        000000
__Habs1                           abs1         000000
__Hbank0                          bank0        000000
__Hbank1                          bank1        000000
__Hbank2                          bank2        000000
__Hbank3                          bank3        000000
__Hbank4                          bank4        000000
__Hbank5                          bank5        000000
__Hbank6                          bank6        000000
__Hbank7                          bank7        000000
__Hbigbss                         bigbss       000000
__Hbigdata                        bigdata      000000
__Hbigram                         bigram       000000
__Hbss                            bss          000000
__HbssBANK0                       bssBANK0     000000
__HbssBANK1                       bssBANK1     000000
__Hcinit                          cinit        000000
__Hclrtext                        clrtext      000000
__Hcomram                         comram       000000
__Hconfig                         config       30000E
__Hconst                          const        000000
__HcstackBANK0                    cstackBANK0  000000
__HcstackCOMRAM                   cstackCOMRAM 000000
__Hdata                           data         000000
__HdataBANK1                      dataBANK1    000000
__Heeprom_data                    eeprom_data  000000
__Hfarbss                         farbss       000000
__Hfardata                        fardata      000000
__Hibigdata                       ibigdata     000000
__Hidata                          idata        000000
__HidataBANK1                     idataBANK1   000000
__Hidloc                          idloc        200008
__Hifardata                       ifardata     000000
__Hinit                           init         000012
__Hintcode                        intcode      00000E
__Hintcode_body                   intcode_body 000000
__Hintcodelo                      intcodelo    00000E
__Hintentry                       intentry     000000
__Hintret                         intret       000000
__Hintsave_regs                   intsave_regs 000000
__Hirdata                         irdata       000000
__Hmediumconst                    mediumconst  000000
__HnvFARRAM                       nvFARRAM     000000
__Hnvbit                          nvbit        000000
__Hnvrram                         nvrram       000000
__Hparam                          rparam       000000
__Hpowerup                        powerup      00000E
__Hram                            ram          000000
__Hramtop                         ramtop       000800
__Hrbit                           rbit         000000
__Hrbss                           rbss         000000
__Hrdata                          rdata        000000
__Hreset_vec                      reset_vec    000004
__Hrparam                         rparam       000000
__Hsfr                            sfr          000000
__Hsmallconst                     smallconst   00083A
__Hspace_0                        (abs)        004306
__Hspace_1                        (abs)        000162
__Hspace_2                        (abs)        000000
__Hspace_4                        (abs)        60000E
__Hstack                          stack        000000
__Hstruct                         struct       000000
__Htemp                           temp         000060
__Htext                           text         000000
__Htext0                          text0        000000
__Htext1                          text1        000000
__Htext10                         text10       000000
__Htext11                         text11       000000
__Htext12                         text12       000000
__Htext13                         text13       000000
__Htext14                         text14       000000
__Htext15                         text15       000000
__Htext16                         text16       000000
__Htext17                         text17       000000
__Htext18                         text18       000000
__Htext19                         text19       000000
__Htext2                          text2        000000
__Htext20                         text20       000000
__Htext21                         text21       000000
__Htext22                         text22       000000
__Htext23                         text23       000000
__Htext24                         text24       000000
__Htext25                         text25       000000
__Htext26                         text26       000000
__Htext27                         text27       000000
__Htext28                         text28       000000
__Htext29                         text29       000000
__Htext3                          text3        000000
__Htext30                         text30       000000
__Htext31                         text31       000000
__Htext32                         text32       000000
__Htext33                         text33       000000
__Htext34                         text34       000000
__Htext35                         text35       000000
__Htext36                         text36       000000
__Htext37                         text37       000000
__Htext38                         text38       000000
__Htext39                         text39       000000
__Htext4                          text4        000000
__Htext40                         text40       000000
__Htext41                         text41       000000
__Htext42                         text42       000000
__Htext43                         text43       000000
__Htext44                         text44       000000
__Htext45                         text45       000000
__Htext46                         text46       000000
__Htext5                          text5        000000
__Htext6                          text6        000000
__Htext7                          text7        000000
__Htext8                          text8        000000
__Htext9                          text9        000000
__LRAM                            (abs)        000001
__Labs1                           abs1         000000
__Lbank0                          bank0        000000
__Lbank1                          bank1        000000
__Lbank2                          bank2        000000
__Lbank3                          bank3        000000
__Lbank4                          bank4        000000
__Lbank5                          bank5        000000
__Lbank6                          bank6        000000
__Lbank7                          bank7        000000
__Lbigbss                         bigbss       000000
__Lbigdata                        bigdata      000000
__Lbigram                         bigram       000000
__Lbss                            bss          000000
__LbssBANK0                       bssBANK0     000000
__LbssBANK1                       bssBANK1     000000
__Lcinit                          cinit        000000
__Lclrtext                        clrtext      000000
__Lcomram                         comram       000000
__Lconfig                         config       000000
__Lconst                          const        000000
__LcstackBANK0                    cstackBANK0  000000
__LcstackCOMRAM                   cstackCOMRAM 000000
__Ldata                           data         000000
__LdataBANK1                      dataBANK1    000000
__Leeprom_data                    eeprom_data  000000
__Lfarbss                         farbss       000000
__Lfardata                        fardata      000000
__Libigdata                       ibigdata     000000
__Lidata                          idata        000000
__LidataBANK1                     idataBANK1   000000
__Lidloc                          idloc        000000
__Lifardata                       ifardata     000000
__Linit                           init         00000E
__Lintcode                        intcode      000008
__Lintcode_body                   intcode_body 000000
__Lintcodelo                      intcodelo    00000E
__Lintentry                       intentry     000000
__Lintret                         intret       000000
__Lintsave_regs                   intsave_regs 000000
__Lirdata                         irdata       000000
__Lmediumconst                    mediumconst  000000
__LnvFARRAM                       nvFARRAM     000000
__Lnvbit                          nvbit        000000
__Lnvrram                         nvrram       000000
__Lparam                          rparam       000000
__Lpowerup                        powerup      00000E
__Lram                            ram          000000
__Lramtop                         ramtop       000800
__Lrbit                           rbit         000000
__Lrbss                           rbss         000000
__Lrdata                          rdata        000000
__Lreset_vec                      reset_vec    000000
__Lrparam                         rparam       000000
__Lsfr                            sfr          000000
__Lsmallconst                     smallconst   000800
__Lspace_0                        (abs)        000000
__Lspace_1                        (abs)        000000
__Lspace_2                        (abs)        000000
__Lspace_4                        (abs)        000000
__Lstack                          stack        000000
__Lstruct                         struct       000000
__Ltemp                           temp         00005F
__Ltext                           text         000000
__Ltext0                          text0        000000
__Ltext1                          text1        000000
__Ltext10                         text10       000000
__Ltext11                         text11       000000
__Ltext12                         text12       000000
__Ltext13                         text13       000000
__Ltext14                         text14       000000
__Ltext15                         text15       000000
__Ltext16                         text16       000000
__Ltext17                         text17       000000
__Ltext18                         text18       000000
__Ltext19                         text19       000000
__Ltext2                          text2        000000
__Ltext20                         text20       000000
__Ltext21                         text21       000000
__Ltext22                         text22       000000
__Ltext23                         text23       000000
__Ltext24                         text24       000000
__Ltext25                         text25       000000
__Ltext26                         text26       000000
__Ltext27                         text27       000000
__Ltext28                         text28       000000
__Ltext29                         text29       000000
__Ltext3                          text3        000000
__Ltext30                         text30       000000
__Ltext31                         text31       000000
__Ltext32                         text32       000000
__Ltext33                         text33       000000
__Ltext34                         text34       000000
__Ltext35                         text35       000000
__Ltext36                         text36       000000
__Ltext37                         text37       000000
__Ltext38                         text38       000000
__Ltext39                         text39       000000
__Ltext4                          text4        000000
__Ltext40                         text40       000000
__Ltext41                         text41       000000
__Ltext42                         text42       000000
__Ltext43                         text43       000000
__Ltext44                         text44       000000
__Ltext45                         text45       000000
__Ltext46                         text46       000000
__Ltext5                          text5        000000
__Ltext6                          text6        000000
__Ltext7                          text7        000000
__Ltext8                          text8        000000
__Ltext9                          text9        000000
__S0                              (abs)        004306
__S1                              (abs)        000162
__S2                              (abs)        000000
__S4                              (abs)        000000
__S5                              (abs)        000000
___aodiv                          text29       003226
___aodiv@counter                  cstackCOMRAM 000011
___aodiv@dividend                 cstackCOMRAM 000001
___aodiv@divisor                  cstackCOMRAM 000009
___aodiv@quotient                 cstackCOMRAM 000013
___aodiv@sign                     cstackCOMRAM 000012
___aomod                          text28       0033AE
___aomod@counter                  cstackCOMRAM 000011
___aomod@dividend                 cstackCOMRAM 000001
___aomod@divisor                  cstackCOMRAM 000009
___aomod@sign                     cstackCOMRAM 000012
___awdiv                          text20       003A80
___awdiv@counter                  cstackCOMRAM 000005
___awdiv@dividend                 cstackCOMRAM 000001
___awdiv@divisor                  cstackCOMRAM 000003
___awdiv@quotient                 cstackCOMRAM 000007
___awdiv@sign                     cstackCOMRAM 000006
___awmod                          text19       003B44
___awmod@counter                  cstackCOMRAM 000005
___awmod@dividend                 cstackCOMRAM 000001
___awmod@divisor                  cstackCOMRAM 000003
___awmod@sign                     cstackCOMRAM 000006
___fladd                          text13       001A1E
___fladd@a                        cstackCOMRAM 00004B
___fladd@aexp                     cstackCOMRAM 000054
___fladd@b                        cstackCOMRAM 000047
___fladd@bexp                     cstackCOMRAM 000055
___fladd@grs                      cstackCOMRAM 000056
___fladd@signs                    cstackCOMRAM 000053
___fldiv                          text18       002308
___fldiv@a                        cstackCOMRAM 000019
___fldiv@aexp                     cstackCOMRAM 00002D
___fldiv@b                        cstackCOMRAM 000015
___fldiv@bexp                     cstackCOMRAM 00002C
___fldiv@grs                      cstackCOMRAM 000028
___fldiv@new_exp                  cstackCOMRAM 000026
___fldiv@rem                      cstackCOMRAM 000021
___fldiv@sign                     cstackCOMRAM 000025
___fleq                           text17       003BF4
___fleq@ff1                       cstackCOMRAM 000001
___fleq@ff2                       cstackCOMRAM 000005
___flge                           text16       003618
___flge@ff1                       cstackCOMRAM 000047
___flge@ff2                       cstackCOMRAM 00004B
___flmul                          text15       001EDE
___flmul@a                        cstackCOMRAM 000032
___flmul@aexp                     cstackCOMRAM 00003F
___flmul@b                        cstackCOMRAM 00002E
___flmul@bexp                     cstackCOMRAM 000040
___flmul@grs                      cstackCOMRAM 00003B
___flmul@prod                     cstackCOMRAM 000041
___flmul@sign                     cstackCOMRAM 00003A
___flmul@temp                     cstackCOMRAM 000045
___flneg                          text14       004140
___flneg@f1                       cstackCOMRAM 000001
___flsub                          text12       003FFA
___flsub@a                        cstackCOMRAM 00005B
___flsub@b                        cstackCOMRAM 000057
___fltol                          text11       003512
___fltol@exp1                     cstackCOMRAM 000050
___fltol@f1                       cstackCOMRAM 000047
___fltol@sign1                    cstackCOMRAM 00004F
___fpclassifyf                    text10       00371C
___fpclassifyf@F463               bssBANK1     000104
___fpclassifyf@e                  cstackCOMRAM 000009
___fpclassifyf@u                  cstackCOMRAM 00000B
___fpclassifyf@x                  cstackCOMRAM 000001
___inthi_sp                       stack        000000
___intlo_sp                       stack        000000
___param_bank                     (abs)        000000
___rparam_used                    (abs)        000001
___sp                             stack        000000
___wmul                           text33       00427A
___wmul@multiplicand              cstackCOMRAM 000003
___wmul@multiplier                cstackCOMRAM 000001
___wmul@product                   cstackCOMRAM 000005
___xxtofl                         text43       002EE2
___xxtofl@arg                     cstackCOMRAM 000011
___xxtofl@exp                     cstackCOMRAM 000010
___xxtofl@sign                    cstackCOMRAM 00000F
___xxtofl@val                     cstackCOMRAM 000007
__accesstop                       (abs)        000060
__activetblptr                    (abs)        000002
__end_of_ADCon_Init               text46       0042BE
__end_of_ExtInt_Init              text45       0042F4
__end_of_ISR                      intcode_body 0040C8
__end_of_Port_Init                text44       0042EA
__end_of___aodiv                  text29       0033AE
__end_of___aomod                  text28       003512
__end_of___awdiv                  text20       003B44
__end_of___awmod                  text19       003BF4
__end_of___fladd                  text13       001EDE
__end_of___fldiv                  text18       0026A2
__end_of___fleq                   text17       003C9E
__end_of___flge                   text16       00371C
__end_of___flmul                  text15       002308
__end_of___flneg                  text14       004178
__end_of___flsub                  text12       004040
__end_of___fltol                  text11       003618
__end_of___fpclassifyf            text10       00381A
__end_of___wmul                   text33       0042A0
__end_of___xxtofl                 text43       003096
__end_of__initialization          cinit        003FEC
__end_of_abs                      text27       004108
__end_of_atoi                     text30       003226
__end_of_dtoa                     text21       002CD0
__end_of_efgtoa                   text5        0013EA
__end_of_floorf                   text9        002EE2
__end_of_fputc                    text25       0039BA
__end_of_fputs                    text24       004084
__end_of_isdigit                  text32       0041B0
__end_of_isspace                  text31       003F1E
__end_of_isupper                  text7        004140
__end_of_lcd_clear_display        text40       004304
__end_of_lcd_control              text41       004250
__end_of_lcd_dato                 text37       00427A
__end_of_lcd_goto                 text39       003F6A
__end_of_lcd_init                 text38       0041E8
__end_of_lcd_print                text36       003DC6
__end_of_lcd_print_with_position  text35       003E7A
__end_of_lcd_put_caracter         text34       003FB4
__end_of_lcd_time_control         text42       0042D4
__end_of_main                     text0        0029EC
__end_of_pad                      text22       003A80
__end_of_putch                    text26       004306
__end_of_sprintf                  text1        003ECC
__end_of_strcpy                   text8        003E22
__end_of_strlen                   text23       00421E
__end_of_strncmp                  text4        0038F0
__end_of_tolower                  text6        003D68
__end_of_vfpfcnvrt                text3        001A1E
__end_of_vfprintf                 text2        003D08
__initialization                  cinit        003FB4
__mediumconst                     mediumconst  000000
__pbssBANK0                       bssBANK0     0000F7
__pbssBANK1                       bssBANK1     000100
__pcinit                          cinit        003FB4
__pcstackBANK0                    cstackBANK0  000060
__pcstackCOMRAM                   cstackCOMRAM 000001
__pdataBANK1                      dataBANK1    00015A
__pidataBANK1                     idataBANK1   0042F4
__pintcode                        intcode      000008
__pintcode_body                   intcode_body 004084
__psmallconst                     smallconst   000800
__ptext0                          text0        0026A2
__ptext1                          text1        003E7A
__ptext10                         text10       00371C
__ptext11                         text11       003512
__ptext12                         text12       003FFA
__ptext13                         text13       001A1E
__ptext14                         text14       004140
__ptext15                         text15       001EDE
__ptext16                         text16       003618
__ptext17                         text17       003BF4
__ptext18                         text18       002308
__ptext19                         text19       003B44
__ptext2                          text2        003C9E
__ptext20                         text20       003A80
__ptext21                         text21       0029EC
__ptext22                         text22       0039BA
__ptext23                         text23       0041E8
__ptext24                         text24       004040
__ptext25                         text25       0038F0
__ptext26                         text26       004304
__ptext27                         text27       0040C8
__ptext28                         text28       0033AE
__ptext29                         text29       003226
__ptext3                          text3        0013EA
__ptext30                         text30       003096
__ptext31                         text31       003ECC
__ptext32                         text32       004178
__ptext33                         text33       00427A
__ptext34                         text34       003F6A
__ptext35                         text35       003E22
__ptext36                         text36       003D68
__ptext37                         text37       004250
__ptext38                         text38       0041B0
__ptext39                         text39       003F1E
__ptext4                          text4        00381A
__ptext40                         text40       0042FC
__ptext41                         text41       00421E
__ptext42                         text42       0042BE
__ptext43                         text43       002EE2
__ptext44                         text44       0042D4
__ptext45                         text45       0042EA
__ptext46                         text46       0042A0
__ptext5                          text5        00083A
__ptext6                          text6        003D08
__ptext7                          text7        004108
__ptext8                          text8        003DC6
__ptext9                          text9        002CD0
__ramtop                          ramtop       000800
__size_of_ADCon_Init              (abs)        000000
__size_of_ExtInt_Init             (abs)        000000
__size_of_ISR                     (abs)        000000
__size_of_Port_Init               (abs)        000000
__size_of___aodiv                 (abs)        000000
__size_of___aomod                 (abs)        000000
__size_of___awdiv                 (abs)        000000
__size_of___awmod                 (abs)        000000
__size_of___fladd                 (abs)        000000
__size_of___fldiv                 (abs)        000000
__size_of___fleq                  (abs)        000000
__size_of___flge                  (abs)        000000
__size_of___flmul                 (abs)        000000
__size_of___flneg                 (abs)        000000
__size_of___flsub                 (abs)        000000
__size_of___fltol                 (abs)        000000
__size_of___fpclassifyf           (abs)        000000
__size_of___wmul                  (abs)        000000
__size_of___xxtofl                (abs)        000000
__size_of_abs                     (abs)        000000
__size_of_atoi                    (abs)        000000
__size_of_dtoa                    (abs)        000000
__size_of_efgtoa                  (abs)        000000
__size_of_floorf                  (abs)        000000
__size_of_fputc                   (abs)        000000
__size_of_fputs                   (abs)        000000
__size_of_isdigit                 (abs)        000000
__size_of_isspace                 (abs)        000000
__size_of_isupper                 (abs)        000000
__size_of_lcd_clear_display       (abs)        000000
__size_of_lcd_control             (abs)        000000
__size_of_lcd_dato                (abs)        000000
__size_of_lcd_goto                (abs)        000000
__size_of_lcd_init                (abs)        000000
__size_of_lcd_print               (abs)        000000
__size_of_lcd_print_with_position (abs)        000000
__size_of_lcd_put_caracter        (abs)        000000
__size_of_lcd_time_control        (abs)        000000
__size_of_main                    (abs)        000000
__size_of_pad                     (abs)        000000
__size_of_putch                   (abs)        000000
__size_of_sprintf                 (abs)        000000
__size_of_strcpy                  (abs)        000000
__size_of_strlen                  (abs)        000000
__size_of_strncmp                 (abs)        000000
__size_of_tolower                 (abs)        000000
__size_of_vfpfcnvrt               (abs)        000000
__size_of_vfprintf                (abs)        000000
__smallconst                      smallconst   000800
_abs                              text27       0040C8
_atoi                             text30       003096
_atoi$1068                        cstackCOMRAM 000010
_atoi$1069                        cstackCOMRAM 000014
_atoi$1070                        cstackCOMRAM 000012
_dbuf                             bssBANK1     00010A
_dtoa                             text21       0029EC
_dtoa$977                         cstackCOMRAM 00002E
_efgtoa                           text5        00083A
_efgtoa$1001                      cstackBANK0  000070
_efgtoa$1002                      cstackBANK0  000072
_efgtoa$1006                      cstackBANK0  000074
_efgtoa$1010                      cstackBANK0  000076
_efgtoa$1011                      cstackBANK0  000078
_efgtoa$1012                      cstackBANK0  00007A
_flag                             bssBANK0     0000FD
_flags                            bssBANK0     0000FB
_floorf                           text9        002CD0
_fputc                            text25       0038F0
_fputs                            text24       004040
_isdigit                          text32       004178
_isspace                          text31       003ECC
_isspace$1099                     cstackCOMRAM 000007
_isupper                          text7        004108
_lcd_clear_display                text40       0042FC
_lcd_control                      text41       00421E
_lcd_dato                         text37       004250
_lcd_goto                         text39       003F1E
_lcd_init                         text38       0041B0
_lcd_print                        text36       003D68
_lcd_print_with_position          text35       003E22
_lcd_put_caracter                 text34       003F6A
_lcd_time_control                 text42       0042BE
_main                             text0        0026A2
_nout                             bssBANK1     000108
_pad                              text22       0039BA
_prec                             bssBANK0     0000F9
_putch                            text26       004304
_sprintf                          text1        003E7A
_strcpy                           text8        003DC6
_strlen                           text23       0041E8
_strncmp                          text4        00381A
_tolower                          text6        003D08
_tolower$1163                     cstackCOMRAM 00000D
_vfpfcnvrt                        text3        0013EA
_vfpfcnvrt$1026                   cstackBANK0  0000B6
_vfpfcnvrt$1027                   cstackBANK0  0000B8
_vfpfcnvrt$1032                   cstackBANK0  0000BA
_vfprintf                         text2        003C9E
_width                            bssBANK0     0000F7
abs@a                             cstackCOMRAM 000013
atoi@n                            cstackCOMRAM 000015
atoi@neg                          cstackCOMRAM 00000E
atoi@s                            cstackCOMRAM 000008
btemp                             temp         00005F
dtoa@d                            cstackCOMRAM 00001E
dtoa@fp                           cstackCOMRAM 00001C
dtoa@i                            cstackCOMRAM 00003E
dtoa@n                            cstackCOMRAM 000036
dtoa@p                            cstackCOMRAM 000030
dtoa@s                            cstackCOMRAM 000034
dtoa@w                            cstackCOMRAM 000032
efgtoa@c                          cstackBANK0  000066
efgtoa@d                          cstackBANK0  000084
efgtoa@e                          cstackBANK0  00009C
efgtoa@f                          cstackBANK0  000062
efgtoa@fp                         cstackBANK0  000060
efgtoa@g                          cstackBANK0  000098
efgtoa@h                          cstackBANK0  00008E
efgtoa@i                          cstackBANK0  000096
efgtoa@l                          cstackBANK0  000092
efgtoa@m                          cstackBANK0  000080
efgtoa@mode                       cstackBANK0  00008D
efgtoa@n                          cstackBANK0  00009E
efgtoa@ne                         cstackBANK0  000082
efgtoa@nmode                      cstackBANK0  00008A
efgtoa@ou                         cstackBANK0  00006C
efgtoa@p                          cstackBANK0  000088
efgtoa@pp                         cstackBANK0  00007E
efgtoa@sign                       cstackBANK0  000086
efgtoa@t                          cstackBANK0  00007C
efgtoa@u                          cstackBANK0  0000A0
efgtoa@w                          cstackBANK0  00008B
end_of_initialization             cinit        003FEC
floorf@F524                       bssBANK1     000100
floorf@e                          cstackCOMRAM 00003C
floorf@m                          cstackCOMRAM 000038
floorf@u                          cstackCOMRAM 00003E
floorf@x                          cstackCOMRAM 00002E
fputc@c                           cstackCOMRAM 000001
fputc@fp                          cstackCOMRAM 000003
fputs@c                           cstackCOMRAM 00000E
fputs@fp                          cstackCOMRAM 00000C
fputs@i                           cstackCOMRAM 00000F
fputs@s                           cstackCOMRAM 00000A
int$flags                         temp         00005F
int_func                          intcode_body 004084
intlevel0                         text         000000
intlevel1                         text         000000
intlevel2                         text         000000
intlevel3                         text         000000
isdigit@c                         cstackCOMRAM 000001
isspace@c                         cstackCOMRAM 000001
isupper@c                         cstackCOMRAM 000001
lcd_control@dato                  cstackCOMRAM 000002
lcd_dato@dato                     cstackCOMRAM 000002
lcd_goto@posicion                 cstackCOMRAM 000009
lcd_goto@x                        cstackCOMRAM 000003
lcd_goto@y                        cstackCOMRAM 000005
lcd_print@dato                    cstackCOMRAM 000003
lcd_print_with_position@dato      cstackCOMRAM 000009
lcd_print_with_position@posicion  cstackCOMRAM 00000D
lcd_print_with_position@x         cstackCOMRAM 000005
lcd_print_with_position@y         cstackCOMRAM 000007
lcd_put_caracter@adress           cstackCOMRAM 000005
lcd_put_caracter@caracter         cstackCOMRAM 000003
lcd_put_caracter@i                cstackCOMRAM 000006
main@F3536                        dataBANK1    00015A
main@c                            cstackBANK0  0000F5
main@conv                         cstackBANK0  0000F0
main@degree                       cstackBANK0  0000E0
main@f                            cstackBANK0  0000E8
main@k                            cstackBANK0  0000EC
main@str                          cstackBANK0  0000F2
pad@buf                           cstackCOMRAM 000013
pad@fp                            cstackCOMRAM 000011
pad@i                             cstackCOMRAM 000018
pad@p                             cstackCOMRAM 000015
pad@w                             cstackCOMRAM 00001A
sprintf@ap                        cstackBANK0  0000D6
sprintf@f                         cstackBANK0  0000D8
sprintf@fmt                       cstackBANK0  0000CE
sprintf@s                         cstackBANK0  0000CC
stackhi                           (abs)        0007FF
stacklo                           (abs)        000162
start                             init         00000E
start_initialization              cinit        003FB4
strcpy@d                          cstackCOMRAM 000009
strcpy@dest                       cstackCOMRAM 000001
strcpy@s                          cstackCOMRAM 000007
strcpy@src                        cstackCOMRAM 000003
strlen@a                          cstackCOMRAM 000003
strlen@s                          cstackCOMRAM 000001
strncmp@_l                        cstackCOMRAM 000001
strncmp@_r                        cstackCOMRAM 000003
strncmp@l                         cstackCOMRAM 000008
strncmp@n                         cstackCOMRAM 000005
strncmp@r                         cstackCOMRAM 00000A
tolower@c                         cstackCOMRAM 000007
ttemp5                            temp         000060
ttemp6                            temp         000063
ttemp7                            temp         000067
vfpfcnvrt@ap                      cstackBANK0  0000A8
vfpfcnvrt@c                       cstackBANK0  0000C3
vfpfcnvrt@ct                      cstackBANK0  0000C0
vfpfcnvrt@f                       cstackBANK0  0000BC
vfpfcnvrt@fmt                     cstackBANK0  0000A6
vfpfcnvrt@fp                      cstackBANK0  0000A4
vfpfcnvrt@ll                      cstackBANK0  0000AE
vfprintf@ap                       cstackBANK0  0000C8
vfprintf@cfmt                     cstackBANK0  0000CA
vfprintf@fmt                      cstackBANK0  0000C6
vfprintf@fp                       cstackBANK0  0000C4
wtemp8                            temp         000060


FUNCTION INFORMATION:

 *************** function _main *****************
 Defined at:
		line 40 in file "newmain.c"
 Parameters:    Size  Location     Type
		None
 Auto vars:     Size  Location     Type
  degree          8  128[BANK0 ] unsigned char [8]
  k               4  140[BANK0 ] float 
  f               4  136[BANK0 ] float 
  str             3  146[BANK0 ] unsigned char [3]
  c               2  149[BANK0 ] int 
  conv            2  144[BANK0 ] int 
 Return value:  Size  Location     Type
                  1    wreg      void 
 Registers used:
		wreg, fsr1l, fsr1h, fsr2l, fsr2h, status,2, status,0, tblptrl, tblptrh, tblptru, prodl, prodh, cstack
 Tracked objects:
		On entry : 
		On exit  : 
		Unchanged: 
 Data sizes:     COMRAM   BANK0   BANK1   BANK2   BANK3   BANK4   BANK5   BANK6   BANK7
      Params:         0       0       0       0       0       0       0       0       0
      Locals:         0      23       0       0       0       0       0       0       0
      Temps:          0       2       0       0       0       0       0       0       0
      Totals:         0      25       0       0       0       0       0       0       0
Total ram usage:       25 bytes
 Hardware stack levels required when called:    9
 This function calls:
		_ADCon_Init
		_ExtInt_Init
		_Port_Init
		___fladd
		___fldiv
		___flmul
		___fltol
		___wmul
		___xxtofl
		_lcd_clear_display
		_lcd_dato
		_lcd_goto
		_lcd_init
		_lcd_print
		_lcd_print_with_position
		_lcd_put_caracter
		_sprintf
 This function is called by:
		Startup code after reset
 This function uses a non-reentrant model


 *************** function _sprintf *****************
 Defined at:
		line 9 in file "C:\Program Files\Microchip\xc8\v2.20\pic\sources\c99\common\nf_sprintf.c"
 Parameters:    Size  Location     Type
  s               2  108[BANK0 ] PTR unsigned char 
		 -> main@str(3), 
  fmt             2  110[BANK0 ] PTR const unsigned char 
		 -> STR_7(6), STR_5(6), STR_3(6), 
 Auto vars:     Size  Location     Type
  f               6  120[BANK0 ] struct _IO_FILE
  ap              2  118[BANK0 ] PTR void [1]
		 -> ?_sprintf(2), 
  ret             2    0        int 
 Return value:  Size  Location     Type
                  2  108[BANK0 ] int 
 Registers used:
		wreg, fsr1l, fsr1h, fsr2l, fsr2h, status,2, status,0, tblptrl, tblptrh, tblptru, prodl, prodh, cstack
 Tracked objects:
		On entry : 
		On exit  : 
		Unchanged: 
 Data sizes:     COMRAM   BANK0   BANK1   BANK2   BANK3   BANK4   BANK5   BANK6   BANK7
      Params:         0       8       0       0       0       0       0       0       0
      Locals:         0      10       0       0       0       0       0       0       0
      Temps:          0       0       0       0       0       0       0       0       0
      Totals:         0      18       0       0       0       0       0       0       0
Total ram usage:       18 bytes
 Hardware stack levels used:    1
 Hardware stack levels required when called:    8
 This function calls:
		_vfprintf
 This function is called by:
		_main
 This function uses a non-reentrant model


 *************** function _vfprintf *****************
 Defined at:
		line 1368 in file "C:\Program Files\Microchip\xc8\v2.20\pic\sources\c99\common\doprnt.c"
 Parameters:    Size  Location     Type
  fp              2  100[BANK0 ] PTR struct _IO_FILE
		 -> sprintf@f(6), 
  fmt             2  102[BANK0 ] PTR const unsigned char 
		 -> STR_7(6), STR_5(6), STR_3(6), 
  ap              2  104[BANK0 ] PTR PTR void 
		 -> sprintf@ap(2), 
 Auto vars:     Size  Location     Type
  cfmt            2  106[BANK0 ] PTR unsigned char 
		 -> STR_7(6), STR_5(6), STR_3(6), 
 Return value:  Size  Location     Type
                  2  100[BANK0 ] int 
 Registers used:
		wreg, fsr1l, fsr1h, fsr2l, fsr2h, status,2, status,0, tblptrl, tblptrh, tblptru, prodl, prodh, cstack
 Tracked objects:
		On entry : 
		On exit  : 
		Unchanged: 
 Data sizes:     COMRAM   BANK0   BANK1   BANK2   BANK3   BANK4   BANK5   BANK6   BANK7
      Params:         0       6       0       0       0       0       0       0       0
      Locals:         0       2       0       0       0       0       0       0       0
      Temps:          0       0       0       0       0       0       0       0       0
      Totals:         0       8       0       0       0       0       0       0       0
Total ram usage:        8 bytes
 Hardware stack levels used:    1
 Hardware stack levels required when called:    7
 This function calls:
		_vfpfcnvrt
 This function is called by:
		_sprintf
 This function uses a non-reentrant model


 *************** function _vfpfcnvrt *****************
 Defined at:
		line 670 in file "C:\Program Files\Microchip\xc8\v2.20\pic\sources\c99\common\doprnt.c"
 Parameters:    Size  Location     Type
  fp              2   68[BANK0 ] PTR struct _IO_FILE
		 -> sprintf@f(6), 
  fmt             2   70[BANK0 ] PTR PTR unsigned char 
		 -> vfprintf@cfmt(2), 
  ap              2   72[BANK0 ] PTR PTR void 
		 -> sprintf@ap(2), 
 Auto vars:     Size  Location     Type
  ll              8   78[BANK0 ] long long 
  llu             8    0        unsigned long long 
  f               4   92[BANK0 ] unsigned long long 
  ct              3   96[BANK0 ] unsigned char [3]
  vp              3    0        PTR void 
  cp              3    0        PTR unsigned char 
  i               2    0        int 
  done            2    0        int 
  c               1   99[BANK0 ] unsigned char 
 Return value:  Size  Location     Type
                  2   68[BANK0 ] int 
 Registers used:
		wreg, fsr1l, fsr1h, fsr2l, fsr2h, status,2, status,0, tblptrl, tblptrh, tblptru, prodl, prodh, cstack
 Tracked objects:
		On entry : 
		On exit  : 
		Unchanged: 
 Data sizes:     COMRAM   BANK0   BANK1   BANK2   BANK3   BANK4   BANK5   BANK6   BANK7
      Params:         0       6       0       0       0       0       0       0       0
      Locals:         0      22       0       0       0       0       0       0       0
      Temps:          0       4       0       0       0       0       0       0       0
      Totals:         0      32       0       0       0       0       0       0       0
Total ram usage:       32 bytes
 Hardware stack levels used:    1
 Hardware stack levels required when called:    6
 This function calls:
		_atoi
		_dtoa
		_efgtoa
		_fputc
		_isdigit
		_isupper
		_strncmp
		_tolower
 This function is called by:
		_vfprintf
 This function uses a non-reentrant model


 *************** function _strncmp *****************
 Defined at:
		line 3 in file "C:\Program Files\Microchip\xc8\v2.20\pic\sources\c99\common\strncmp.c"
 Parameters:    Size  Location     Type
  _l              2    0[COMRAM] PTR const unsigned char 
		 -> vfpfcnvrt@ct(3), 
  _r              2    2[COMRAM] PTR const unsigned char 
		 -> STR_19(3), 
  n               2    4[COMRAM] unsigned int 
 Auto vars:     Size  Location     Type
  r               2    9[COMRAM] PTR const unsigned char 
		 -> STR_19(3), 
  l               2    7[COMRAM] PTR const unsigned char 
		 -> vfpfcnvrt@ct(3), 
 Return value:  Size  Location     Type
                  2    0[COMRAM] int 
 Registers used:
		wreg, fsr2l, fsr2h, status,2, status,0, tblptrl, tblptrh, tblptru
 Tracked objects:
		On entry : 
		On exit  : 
		Unchanged: 
 Data sizes:     COMRAM   BANK0   BANK1   BANK2   BANK3   BANK4   BANK5   BANK6   BANK7
      Params:         6       0       0       0       0       0       0       0       0
      Locals:         4       0       0       0       0       0       0       0       0
      Temps:          1       0       0       0       0       0       0       0       0
      Totals:        11       0       0       0       0       0       0       0       0
Total ram usage:       11 bytes
 Hardware stack levels used:    1
 Hardware stack levels required when called:    1
 This function calls:
		Nothing
 This function is called by:
		_vfpfcnvrt
 This function uses a non-reentrant model


 *************** function _efgtoa *****************
 Defined at:
		line 319 in file "C:\Program Files\Microchip\xc8\v2.20\pic\sources\c99\common\doprnt.c"
 Parameters:    Size  Location     Type
  fp              2    0[BANK0 ] PTR struct _IO_FILE
		 -> sprintf@f(6), 
  f               4    2[BANK0 ] PTR struct _IO_FILE
  c               1    6[BANK0 ] unsigned char 
 Auto vars:     Size  Location     Type
  u               4   64[BANK0 ] unsigned char 
  g               4   56[BANK0 ] unsigned char 
  l               4   50[BANK0 ] unsigned char 
  h               4   46[BANK0 ] unsigned char 
  ou              4   12[BANK0 ] unsigned char 
  n               2   62[BANK0 ] int 
  e               2   60[BANK0 ] int 
  i               2   54[BANK0 ] int 
  w               2   43[BANK0 ] int 
  p               2   40[BANK0 ] int 
  sign            2   38[BANK0 ] int 
  d               2   36[BANK0 ] int 
  ne              2   34[BANK0 ] int 
  m               2   32[BANK0 ] int 
  pp              2   30[BANK0 ] int 
  t               2   28[BANK0 ] int 
  mode            1   45[BANK0 ] unsigned char 
  nmode           1   42[BANK0 ] unsigned char 
 Return value:  Size  Location     Type
                  2    0[BANK0 ] int 
 Registers used:
		wreg, fsr1l, fsr1h, fsr2l, fsr2h, status,2, status,0, tblptrl, tblptrh, tblptru, prodl, prodh, cstack
 Tracked objects:
		On entry : 
		On exit  : 
		Unchanged: 
 Data sizes:     COMRAM   BANK0   BANK1   BANK2   BANK3   BANK4   BANK5   BANK6   BANK7
      Params:         0       7       0       0       0       0       0       0       0
      Locals:         0      56       0       0       0       0       0       0       0
      Temps:          0       5       0       0       0       0       0       0       0
      Totals:         0      68       0       0       0       0       0       0       0
Total ram usage:       68 bytes
 Hardware stack levels used:    1
 Hardware stack levels required when called:    5
 This function calls:
		___awdiv
		___awmod
		___fladd
		___fldiv
		___fleq
		___flge
		___flmul
		___flneg
		___flsub
		___fltol
		___fpclassifyf
		_floorf
		_isupper
		_pad
		_strcpy
		_tolower
 This function is called by:
		_vfpfcnvrt
 This function uses a non-reentrant model


 *************** function _tolower *****************
 Defined at:
		line 4 in file "C:\Program Files\Microchip\xc8\v2.20\pic\sources\c99\common\tolower.c"
 Parameters:    Size  Location     Type
  c               2    6[COMRAM] int 
 Auto vars:     Size  Location     Type
		None
 Return value:  Size  Location     Type
                  2    6[COMRAM] int 
 Registers used:
		wreg, status,2, status,0
 Tracked objects:
		On entry : 
		On exit  : 
		Unchanged: 
 Data sizes:     COMRAM   BANK0   BANK1   BANK2   BANK3   BANK4   BANK5   BANK6   BANK7
      Params:         2       0       0       0       0       0       0       0       0
      Locals:         2       0       0       0       0       0       0       0       0
      Temps:          4       0       0       0       0       0       0       0       0
      Totals:         8       0       0       0       0       0       0       0       0
Total ram usage:        8 bytes
 Hardware stack levels used:    1
 Hardware stack levels required when called:    2
 This function calls:
		_isupper
 This function is called by:
		_efgtoa
		_vfpfcnvrt
 This function uses a non-reentrant model


 *************** function _isupper *****************
 Defined at:
		line 5 in file "C:\Program Files\Microchip\xc8\v2.20\pic\sources\c99\common\isupper.c"
 Parameters:    Size  Location     Type
  c               2    0[COMRAM] int 
 Auto vars:     Size  Location     Type
		None
 Return value:  Size  Location     Type
                  2    0[COMRAM] int 
 Registers used:
		wreg, status,2, status,0
 Tracked objects:
		On entry : 
		On exit  : 
		Unchanged: 
 Data sizes:     COMRAM   BANK0   BANK1   BANK2   BANK3   BANK4   BANK5   BANK6   BANK7
      Params:         2       0       0       0       0       0       0       0       0
      Locals:         0       0       0       0       0       0       0       0       0
      Temps:          4       0       0       0       0       0       0       0       0
      Totals:         6       0       0       0       0       0       0       0       0
Total ram usage:        6 bytes
 Hardware stack levels used:    1
 Hardware stack levels required when called:    1
 This function calls:
		Nothing
 This function is called by:
		_efgtoa
		_vfpfcnvrt
		_tolower
 This function uses a non-reentrant model


 *************** function _strcpy *****************
 Defined at:
		line 3 in file "C:\Program Files\Microchip\xc8\v2.20\pic\sources\c99\common\strcpy.c"
 Parameters:    Size  Location     Type
  dest            2    0[COMRAM] PTR unsigned char 
		 -> dbuf(80), 
  src             2    2[COMRAM] PTR const unsigned char 
		 -> STR_14(4), STR_13(4), STR_10(4), STR_9(4), 
		 -> dbuf(80), 
 Auto vars:     Size  Location     Type
  d               2    8[COMRAM] PTR unsigned char 
		 -> dbuf(80), 
  s               2    6[COMRAM] PTR const unsigned char 
		 -> STR_14(4), STR_13(4), STR_10(4), STR_9(4), 
		 -> dbuf(80), 
 Return value:  Size  Location     Type
                  2    0[COMRAM] PTR unsigned char 
 Registers used:
		wreg, fsr1l, fsr1h, fsr2l, fsr2h, status,2, status,0, tblptrl, tblptrh, tblptru
 Tracked objects:
		On entry : 
		On exit  : 
		Unchanged: 
 Data sizes:     COMRAM   BANK0   BANK1   BANK2   BANK3   BANK4   BANK5   BANK6   BANK7
      Params:         4       0       0       0       0       0       0       0       0
      Locals:         4       0       0       0       0       0       0       0       0
      Temps:          2       0       0       0       0       0       0       0       0
      Totals:        10       0       0       0       0       0       0       0       0
Total ram usage:       10 bytes
 Hardware stack levels used:    1
 Hardware stack levels required when called:    1
 This function calls:
		Nothing
 This function is called by:
		_efgtoa
 This function uses a non-reentrant model


 *************** function _floorf *****************
 Defined at:
		line 3 in file "C:\Program Files\Microchip\xc8\v2.20\pic\sources\c99\common\floorf.c"
 Parameters:    Size  Location     Type
  x               4   45[COMRAM] float 
 Auto vars:     Size  Location     Type
  u               4   61[COMRAM] struct .
  m               4   55[COMRAM] unsigned long 
  e               2   59[COMRAM] int 
 Return value:  Size  Location     Type
                  4   45[COMRAM] float 
 Registers used:
		wreg, status,2, status,0
 Tracked objects:
		On entry : 
		On exit  : 
		Unchanged: 
 Data sizes:     COMRAM   BANK0   BANK1   BANK2   BANK3   BANK4   BANK5   BANK6   BANK7
      Params:         4       0       0       0       0       0       0       0       0
      Locals:        10       0       0       0       0       0       0       0       0
      Temps:          6       0       0       0       0       0       0       0       0
      Totals:        20       0       0       0       0       0       0       0       0
Total ram usage:       20 bytes
 Hardware stack levels used:    1
 Hardware stack levels required when called:    1
 This function calls:
		Nothing
 This function is called by:
		_efgtoa
 This function uses a non-reentrant model


 *************** function ___fpclassifyf *****************
 Defined at:
		line 4 in file "C:\Program Files\Microchip\xc8\v2.20\pic\sources\c99\common\__fpclassifyf.c"
 Parameters:    Size  Location     Type
  x               4    0[COMRAM] float 
 Auto vars:     Size  Location     Type
  u               4   10[COMRAM] struct .
  e               2    8[COMRAM] int 
 Return value:  Size  Location     Type
                  2    0[COMRAM] int 
 Registers used:
		wreg, status,2, status,0
 Tracked objects:
		On entry : 
		On exit  : 
		Unchanged: 
 Data sizes:     COMRAM   BANK0   BANK1   BANK2   BANK3   BANK4   BANK5   BANK6   BANK7
      Params:         4       0       0       0       0       0       0       0       0
      Locals:         6       0       0       0       0       0       0       0       0
      Temps:          4       0       0       0       0       0       0       0       0
      Totals:        14       0       0       0       0       0       0       0       0
Total ram usage:       14 bytes
 Hardware stack levels used:    1
 Hardware stack levels required when called:    1
 This function calls:
		Nothing
 This function is called by:
		_efgtoa
 This function uses a non-reentrant model


 *************** function ___fltol *****************
 Defined at:
		line 43 in file "C:\Program Files\Microchip\xc8\v2.20\pic\sources\c99\common\fltol.c"
 Parameters:    Size  Location     Type
  f1              4   70[COMRAM] int 
 Auto vars:     Size  Location     Type
  exp1            1   79[COMRAM] unsigned char 
  sign1           1   78[COMRAM] unsigned char 
 Return value:  Size  Location     Type
                  4   70[COMRAM] long 
 Registers used:
		wreg, status,2, status,0
 Tracked objects:
		On entry : 
		On exit  : 
		Unchanged: 
 Data sizes:     COMRAM   BANK0   BANK1   BANK2   BANK3   BANK4   BANK5   BANK6   BANK7
      Params:         4       0       0       0       0       0       0       0       0
      Locals:         2       0       0       0       0       0       0       0       0
      Temps:          4       0       0       0       0       0       0       0       0
      Totals:        10       0       0       0       0       0       0       0       0
Total ram usage:       10 bytes
 Hardware stack levels used:    1
 Hardware stack levels required when called:    1
 This function calls:
		Nothing
 This function is called by:
		_main
		_efgtoa
 This function uses a non-reentrant model


 *************** function ___flsub *****************
 Defined at:
		line 245 in file "C:\Program Files\Microchip\xc8\v2.20\pic\sources\c99\common\sprcadd.c"
 Parameters:    Size  Location     Type
  b               4   86[COMRAM] long 
  a               4   90[COMRAM] long 
 Auto vars:     Size  Location     Type
		None
 Return value:  Size  Location     Type
                  4   86[COMRAM] long 
 Registers used:
		wreg, status,2, status,0, cstack
 Tracked objects:
		On entry : 
		On exit  : 
		Unchanged: 
 Data sizes:     COMRAM   BANK0   BANK1   BANK2   BANK3   BANK4   BANK5   BANK6   BANK7
      Params:         8       0       0       0       0       0       0       0       0
      Locals:         0       0       0       0       0       0       0       0       0
      Temps:          0       0       0       0       0       0       0       0       0
      Totals:         8       0       0       0       0       0       0       0       0
Total ram usage:        8 bytes
 Hardware stack levels used:    1
 Hardware stack levels required when called:    2
 This function calls:
		___fladd
 This function is called by:
		_efgtoa
 This function uses a non-reentrant model


 *************** function ___fladd *****************
 Defined at:
		line 10 in file "C:\Program Files\Microchip\xc8\v2.20\pic\sources\c99\common\sprcadd.c"
 Parameters:    Size  Location     Type
  b               4   70[COMRAM] long 
  a               4   74[COMRAM] long 
 Auto vars:     Size  Location     Type
  grs             1   85[COMRAM] unsigned char 
  bexp            1   84[COMRAM] unsigned char 
  aexp            1   83[COMRAM] unsigned char 
  signs           1   82[COMRAM] unsigned char 
 Return value:  Size  Location     Type
                  4   70[COMRAM] unsigned char 
 Registers used:
		wreg, status,2, status,0
 Tracked objects:
		On entry : 
		On exit  : 
		Unchanged: 
 Data sizes:     COMRAM   BANK0   BANK1   BANK2   BANK3   BANK4   BANK5   BANK6   BANK7
      Params:         8       0       0       0       0       0       0       0       0
      Locals:         4       0       0       0       0       0       0       0       0
      Temps:          4       0       0       0       0       0       0       0       0
      Totals:        16       0       0       0       0       0       0       0       0
Total ram usage:       16 bytes
 Hardware stack levels used:    1
 Hardware stack levels required when called:    1
 This function calls:
		Nothing
 This function is called by:
		_main
		___flsub
		_efgtoa
 This function uses a non-reentrant model


 *************** function ___flneg *****************
 Defined at:
		line 15 in file "C:\Program Files\Microchip\xc8\v2.20\pic\sources\c99\common\flneg.c"
 Parameters:    Size  Location     Type
  f1              4    0[COMRAM] unsigned char 
 Auto vars:     Size  Location     Type
		None
 Return value:  Size  Location     Type
                  4    0[COMRAM] unsigned char 
 Registers used:
		wreg, status,2, status,0
 Tracked objects:
		On entry : 
		On exit  : 
		Unchanged: 
 Data sizes:     COMRAM   BANK0   BANK1   BANK2   BANK3   BANK4   BANK5   BANK6   BANK7
      Params:         4       0       0       0       0       0       0       0       0
      Locals:         0       0       0       0       0       0       0       0       0
      Temps:          0       0       0       0       0       0       0       0       0
      Totals:         4       0       0       0       0       0       0       0       0
Total ram usage:        4 bytes
 Hardware stack levels used:    1
 Hardware stack levels required when called:    1
 This function calls:
		Nothing
 This function is called by:
		_efgtoa
 This function uses a non-reentrant model


 *************** function ___flmul *****************
 Defined at:
		line 8 in file "C:\Program Files\Microchip\xc8\v2.20\pic\sources\c99\common\sprcmul.c"
 Parameters:    Size  Location     Type
  b               4   45[COMRAM] unsigned char 
  a               4   49[COMRAM] unsigned char 
 Auto vars:     Size  Location     Type
  prod            4   64[COMRAM] struct .
  grs             4   58[COMRAM] unsigned long 
  temp            2   68[COMRAM] struct .
  bexp            1   63[COMRAM] unsigned char 
  aexp            1   62[COMRAM] unsigned char 
  sign            1   57[COMRAM] unsigned char 
 Return value:  Size  Location     Type
                  4   45[COMRAM] unsigned char 
 Registers used:
		wreg, status,2, status,0, prodl, prodh
 Tracked objects:
		On entry : 
		On exit  : 
		Unchanged: 
 Data sizes:     COMRAM   BANK0   BANK1   BANK2   BANK3   BANK4   BANK5   BANK6   BANK7
      Params:         8       0       0       0       0       0       0       0       0
      Locals:        13       0       0       0       0       0       0       0       0
      Temps:          4       0       0       0       0       0       0       0       0
      Totals:        25       0       0       0       0       0       0       0       0
Total ram usage:       25 bytes
 Hardware stack levels used:    1
 Hardware stack levels required when called:    1
 This function calls:
		Nothing
 This function is called by:
		_main
		_efgtoa
 This function uses a non-reentrant model


 *************** function ___flge *****************
 Defined at:
		line 4 in file "C:\Program Files\Microchip\xc8\v2.20\pic\sources\c99\common\flge.c"
 Parameters:    Size  Location     Type
  ff1             4   70[COMRAM] unsigned char 
  ff2             4   74[COMRAM] unsigned char 
 Auto vars:     Size  Location     Type
		None
 Return value:  Size  Location     Type
		None               void
 Registers used:
		wreg, status,2, status,0
 Tracked objects:
		On entry : 
		On exit  : 
		Unchanged: 
 Data sizes:     COMRAM   BANK0   BANK1   BANK2   BANK3   BANK4   BANK5   BANK6   BANK7
      Params:         8       0       0       0       0       0       0       0       0
      Locals:         0       0       0       0       0       0       0       0       0
      Temps:          4       0       0       0       0       0       0       0       0
      Totals:        12       0       0       0       0       0       0       0       0
Total ram usage:       12 bytes
 Hardware stack levels used:    1
 Hardware stack levels required when called:    1
 This function calls:
		Nothing
 This function is called by:
		_efgtoa
 This function uses a non-reentrant model


 *************** function ___fleq *****************
 Defined at:
		line 4 in file "C:\Program Files\Microchip\xc8\v2.20\pic\sources\c99\common\fleq.c"
 Parameters:    Size  Location     Type
  ff1             4    0[COMRAM] unsigned char 
  ff2             4    4[COMRAM] unsigned char 
 Auto vars:     Size  Location     Type
		None
 Return value:  Size  Location     Type
		None               void
 Registers used:
		wreg, status,2, status,0
 Tracked objects:
		On entry : 
		On exit  : 
		Unchanged: 
 Data sizes:     COMRAM   BANK0   BANK1   BANK2   BANK3   BANK4   BANK5   BANK6   BANK7
      Params:         8       0       0       0       0       0       0       0       0
      Locals:         0       0       0       0       0       0       0       0       0
      Temps:          4       0       0       0       0       0       0       0       0
      Totals:        12       0       0       0       0       0       0       0       0
Total ram usage:       12 bytes
 Hardware stack levels used:    1
 Hardware stack levels required when called:    1
 This function calls:
		Nothing
 This function is called by:
		_efgtoa
 This function uses a non-reentrant model


 *************** function ___fldiv *****************
 Defined at:
		line 11 in file "C:\Program Files\Microchip\xc8\v2.20\pic\sources\c99\common\sprcdiv.c"
 Parameters:    Size  Location     Type
  b               4   20[COMRAM] unsigned char 
  a               4   24[COMRAM] unsigned char 
 Auto vars:     Size  Location     Type
  grs             4   39[COMRAM] unsigned long 
  rem             4   32[COMRAM] unsigned long 
  new_exp         2   37[COMRAM] short 
  aexp            1   44[COMRAM] unsigned char 
  bexp            1   43[COMRAM] unsigned char 
  sign            1   36[COMRAM] unsigned char 
 Return value:  Size  Location     Type
                  4   20[COMRAM] unsigned char 
 Registers used:
		wreg, status,2, status,0
 Tracked objects:
		On entry : 
		On exit  : 
		Unchanged: 
 Data sizes:     COMRAM   BANK0   BANK1   BANK2   BANK3   BANK4   BANK5   BANK6   BANK7
      Params:         8       0       0       0       0       0       0       0       0
      Locals:        13       0       0       0       0       0       0       0       0
      Temps:          4       0       0       0       0       0       0       0       0
      Totals:        25       0       0       0       0       0       0       0       0
Total ram usage:       25 bytes
 Hardware stack levels used:    1
 Hardware stack levels required when called:    1
 This function calls:
		Nothing
 This function is called by:
		_main
		_efgtoa
 This function uses a non-reentrant model


 *************** function ___awmod *****************
 Defined at:
		line 7 in file "C:\Program Files\Microchip\xc8\v2.20\pic\sources\c99\common\awmod.c"
 Parameters:    Size  Location     Type
  dividend        2    0[COMRAM] int 
  divisor         2    2[COMRAM] int 
 Auto vars:     Size  Location     Type
  sign            1    5[COMRAM] unsigned char 
  counter         1    4[COMRAM] unsigned char 
 Return value:  Size  Location     Type
                  2    0[COMRAM] int 
 Registers used:
		wreg, status,2, status,0
 Tracked objects:
		On entry : 
		On exit  : 
		Unchanged: 
[...]
      Temps:          0       0       0       0       0       0       0       0       0
      Totals:         2       0       0       0       0       0       0       0       0
Total ram usage:        2 bytes
 Hardware stack levels used:    1
 Hardware stack levels required when called:    3
 This function calls:
		_lcd_dato
 This function is called by:
		_lcd_print_with_position
		_main
 This function uses a non-reentrant model


 *************** function _lcd_dato *****************
 Defined at:
		line 67 in file "../../Libraries\LCD.h"
 Parameters:    Size  Location     Type
  dato            1    wreg     unsigned char 
 Auto vars:     Size  Location     Type
  dato            1    1[COMRAM] unsigned char 
 Return value:  Size  Location     Type
                  1    wreg      void 
 Registers used:
		wreg, status,2, status,0, cstack
 Tracked objects:
		On entry : 
		On exit  : 
		Unchanged: 
 Data sizes:     COMRAM   BANK0   BANK1   BANK2   BANK3   BANK4   BANK5   BANK6   BANK7
      Params:         0       0       0       0       0       0       0       0       0
      Locals:         1       0       0       0       0       0       0       0       0
      Temps:          1       0       0       0       0       0       0       0       0
      Totals:         2       0       0       0       0       0       0       0       0
Total ram usage:        2 bytes
 Hardware stack levels used:    1
 Hardware stack levels required when called:    2
 This function calls:
		_lcd_time_control
 This function is called by:
		_lcd_print
		_lcd_put_caracter
		_main
		_lcd_print_var
 This function uses a non-reentrant model


 *************** function _lcd_init *****************
 Defined at:
		line 30 in file "../../Libraries\LCD.h"
 Parameters:    Size  Location     Type
		None
 Auto vars:     Size  Location     Type
		None
 Return value:  Size  Location     Type
                  1    wreg      void 
 Registers used:
		wreg, status,2, status,0, cstack
 Tracked objects:
		On entry : 
		On exit  : 
		Unchanged: 
 Data sizes:     COMRAM   BANK0   BANK1   BANK2   BANK3   BANK4   BANK5   BANK6   BANK7
      Params:         0       0       0       0       0       0       0       0       0
      Locals:         0       0       0       0       0       0       0       0       0
      Temps:          1       0       0       0       0       0       0       0       0
      Totals:         1       0       0       0       0       0       0       0       0
Total ram usage:        1 bytes
 Hardware stack levels used:    1
 Hardware stack levels required when called:    3
 This function calls:
		_lcd_control
 This function is called by:
		_main
 This function uses a non-reentrant model


 *************** function _lcd_goto *****************
 Defined at:
		line 131 in file "../../Libraries\LCD.h"
 Parameters:    Size  Location     Type
  x               2    2[COMRAM] int 
  y               2    4[COMRAM] int 
 Auto vars:     Size  Location     Type
  posicion        1    8[COMRAM] unsigned char 
 Return value:  Size  Location     Type
                  1    wreg      void 
 Registers used:
		wreg, status,2, status,0, cstack
 Tracked objects:
		On entry : 
		On exit  : 
		Unchanged: 
 Data sizes:     COMRAM   BANK0   BANK1   BANK2   BANK3   BANK4   BANK5   BANK6   BANK7
      Params:         4       0       0       0       0       0       0       0       0
      Locals:         1       0       0       0       0       0       0       0       0
      Temps:          2       0       0       0       0       0       0       0       0
      Totals:         7       0       0       0       0       0       0       0       0
Total ram usage:        7 bytes
 Hardware stack levels used:    1
 Hardware stack levels required when called:    3
 This function calls:
		_lcd_control
 This function is called by:
		_main
 This function uses a non-reentrant model


 *************** function _lcd_clear_display *****************
 Defined at:
		line 79 in file "../../Libraries\LCD.h"
 Parameters:    Size  Location     Type
		None
 Auto vars:     Size  Location     Type
		None
 Return value:  Size  Location     Type
                  1    wreg      void 
 Registers used:
		wreg, status,2, status,0, cstack
 Tracked objects:
		On entry : 
		On exit  : 
		Unchanged: 
 Data sizes:     COMRAM   BANK0   BANK1   BANK2   BANK3   BANK4   BANK5   BANK6   BANK7
      Params:         0       0       0       0       0       0       0       0       0
      Locals:         0       0       0       0       0       0       0       0       0
      Temps:          0       0       0       0       0       0       0       0       0
      Totals:         0       0       0       0       0       0       0       0       0
Total ram usage:        0 bytes
 Hardware stack levels used:    1
 Hardware stack levels required when called:    3
 This function calls:
		_lcd_control
 This function is called by:
		_main
 This function uses a non-reentrant model


 *************** function _lcd_control *****************
 Defined at:
		line 53 in file "../../Libraries\LCD.h"
 Parameters:    Size  Location     Type
  dato            1    wreg     unsigned char 
 Auto vars:     Size  Location     Type
  dato            1    1[COMRAM] unsigned char 
 Return value:  Size  Location     Type
                  1    wreg      void 
 Registers used:
		wreg, status,2, status,0, cstack
 Tracked objects:
		On entry : 
		On exit  : 
		Unchanged: 
 Data sizes:     COMRAM   BANK0   BANK1   BANK2   BANK3   BANK4   BANK5   BANK6   BANK7
      Params:         0       0       0       0       0       0       0       0       0
      Locals:         1       0       0       0       0       0       0       0       0
      Temps:          1       0       0       0       0       0       0       0       0
      Totals:         2       0       0       0       0       0       0       0       0
Total ram usage:        2 bytes
 Hardware stack levels used:    1
 Hardware stack levels required when called:    2
 This function calls:
		_lcd_time_control
 This function is called by:
		_lcd_init
		_lcd_clear_display
		_lcd_print_with_position
		_lcd_goto
		_lcd_put_caracter
		_lcd_move_text
		_lcd_cursor_home
 This function uses a non-reentrant model


 *************** function _lcd_time_control *****************
 Defined at:
		line 158 in file "../../Libraries\LCD.h"
 Parameters:    Size  Location     Type
		None
 Auto vars:     Size  Location     Type
		None
 Return value:  Size  Location     Type
                  1    wreg      void 
 Registers used:
		wreg
 Tracked objects:
		On entry : 
		On exit  : 
		Unchanged: 
 Data sizes:     COMRAM   BANK0   BANK1   BANK2   BANK3   BANK4   BANK5   BANK6   BANK7
      Params:         0       0       0       0       0       0       0       0       0
      Locals:         0       0       0       0       0       0       0       0       0
      Temps:          0       0       0       0       0       0       0       0       0
      Totals:         0       0       0       0       0       0       0       0       0
Total ram usage:        0 bytes
 Hardware stack levels used:    1
 Hardware stack levels required when called:    1
 This function calls:
		Nothing
 This function is called by:
		_lcd_control
		_lcd_dato
 This function uses a non-reentrant model


 *************** function ___xxtofl *****************
 Defined at:
		line 10 in file "C:\Program Files\Microchip\xc8\v2.20\pic\sources\c99\common\xxtofl.c"
 Parameters:    Size  Location     Type
  sign            1    wreg     unsigned char 
  val             4    6[COMRAM] long 
 Auto vars:     Size  Location     Type
  sign            1   14[COMRAM] unsigned char 
  arg             4   16[COMRAM] unsigned long 
  exp             1   15[COMRAM] unsigned char 
 Return value:  Size  Location     Type
                  4    6[COMRAM] unsigned char 
 Registers used:
		wreg, status,2, status,0
 Tracked objects:
		On entry : 
		On exit  : 
		Unchanged: 
 Data sizes:     COMRAM   BANK0   BANK1   BANK2   BANK3   BANK4   BANK5   BANK6   BANK7
      Params:         4       0       0       0       0       0       0       0       0
      Locals:         6       0       0       0       0       0       0       0       0
      Temps:          4       0       0       0       0       0       0       0       0
      Totals:        14       0       0       0       0       0       0       0       0
Total ram usage:       14 bytes
 Hardware stack levels used:    1
 Hardware stack levels required when called:    1
 This function calls:
		Nothing
 This function is called by:
		_main
 This function uses a non-reentrant model


 *************** function _Port_Init *****************
 Defined at:
		line 32 in file "newmain.c"
 Parameters:    Size  Location     Type
		None
 Auto vars:     Size  Location     Type
		None
 Return value:  Size  Location     Type
                  1    wreg      void 
 Registers used:
		wreg, status,2
 Tracked objects:
		On entry : 
		On exit  : 
		Unchanged: 
 Data sizes:     COMRAM   BANK0   BANK1   BANK2   BANK3   BANK4   BANK5   BANK6   BANK7
      Params:         0       0       0       0       0       0       0       0       0
      Locals:         0       0       0       0       0       0       0       0       0
      Temps:          0       0       0       0       0       0       0       0       0
      Totals:         0       0       0       0       0       0       0       0       0
Total ram usage:        0 bytes
 Hardware stack levels used:    1
 Hardware stack levels required when called:    1
 This function calls:
		Nothing
 This function is called by:
		_main
 This function uses a non-reentrant model


 *************** function _ExtInt_Init *****************
 Defined at:
		line 16 in file "newmain.c"
 Parameters:    Size  Location     Type
		None
 Auto vars:     Size  Location     Type
		None
 Return value:  Size  Location     Type
                  1    wreg      void 
 Registers used:
		None
 Tracked objects:
		On entry : 
		On exit  : 
		Unchanged: 
 Data sizes:     COMRAM   BANK0   BANK1   BANK2   BANK3   BANK4   BANK5   BANK6   BANK7
      Params:         0       0       0       0       0       0       0       0       0
      Locals:         0       0       0       0       0       0       0       0       0
      Temps:          0       0       0       0       0       0       0       0       0
      Totals:         0       0       0       0       0       0       0       0       0
Total ram usage:        0 bytes
 Hardware stack levels used:    1
 Hardware stack levels required when called:    1
 This function calls:
		Nothing
 This function is called by:
		_main
 This function uses a non-reentrant model


 *************** function _ADCon_Init *****************
 Defined at:
		line 23 in file "newmain.c"
 Parameters:    Size  Location     Type
		None
 Auto vars:     Size  Location     Type
		None
 Return value:  Size  Location     Type
                  1    wreg      void 
 Registers used:
		wreg, status,2
 Tracked objects:
		On entry : 
		On exit  : 
		Unchanged: 
 Data sizes:     COMRAM   BANK0   BANK1   BANK2   BANK3   BANK4   BANK5   BANK6   BANK7
      Params:         0       0       0       0       0       0       0       0       0
      Locals:         0       0       0       0       0       0       0       0       0
      Temps:          0       0       0       0       0       0       0       0       0
      Totals:         0       0       0       0       0       0       0       0       0
Total ram usage:        0 bytes
 Hardware stack levels used:    1
 Hardware stack levels required when called:    1
 This function calls:
		Nothing
 This function is called by:
		_main
 This function uses a non-reentrant model


 *************** function _ISR *****************
 Defined at:
		line 89 in file "newmain.c"
 Parameters:    Size  Location     Type
		None
 Auto vars:     Size  Location     Type
		None
 Return value:  Size  Location     Type
                  1    wreg      void 
 Registers used:
		wreg, status,2, status,0
 Tracked objects:
		On entry : 
		On exit  : 
		Unchanged: 
 Data sizes:     COMRAM   BANK0   BANK1   BANK2   BANK3   BANK4   BANK5   BANK6   BANK7
      Params:         0       0       0       0       0       0       0       0       0
      Locals:         0       0       0       0       0       0       0       0       0
      Temps:          0       0       0       0       0       0       0       0       0
      Totals:         0       0       0       0       0       0       0       0       0
Total ram usage:        0 bytes
 Hardware stack levels used:    1
 This function calls:
		Nothing
 This function is called by:
		Interrupt level 2
 This function uses a non-reentrant model



MODULE INFORMATION

Module		Function		Class		Link	Load	Size
C:\Program Files\Microchip\xc8\v2.20\pic\sources\c99\common\nf_fputc.c
		_fputc         		CODE           	38F0	0000	203

C:\Program Files\Microchip\xc8\v2.20\pic\sources\c99\common\nf_fputc.c estimated size: 203

../../Libraries\LCD.h
		_lcd_time_control		CODE           	42BE	0000	23
		_lcd_dato      		CODE           	4250	0000	43
		_lcd_put_caracter		CODE           	3F6A	0000	75
		_lcd_goto      		CODE           	3F1E	0000	77
		_lcd_print     		CODE           	3D68	0000	95
		_lcd_control   		CODE           	421E	0000	51
		_lcd_print_with_position		CODE           	3E22	0000	89
		_lcd_clear_display		CODE           	42FC	0000	9
		_lcd_init      		CODE           	41B0	0000	57

../../Libraries\LCD.h estimated size: 519

C:\Program Files\Microchip\xc8\v2.20\pic\sources\c99\common\isdigit.c
		_isdigit       		CODE           	4178	0000	57

C:\Program Files\Microchip\xc8\v2.20\pic\sources\c99\common\isdigit.c estimated size: 57

C:\Program Files\Microchip\xc8\v2.20\pic\sources\c99\common\sprcadd.c
		___flsub       		CODE           	3FFA	0000	71
		___fladd       		CODE           	1A1E	0000	1217

C:\Program Files\Microchip\xc8\v2.20\pic\sources\c99\common\sprcadd.c estimated size: 1288

C:\Program Files\Microchip\xc8\v2.20\pic\sources\c99\common\doprnt.c
		_vfpfcnvrt     		CODE           	13EA	0000	1589
		_efgtoa        		CODE           	083A	0000	2993
		_pad           		CODE           	39BA	0000	199
		_dtoa          		CODE           	29EC	0000	741
		_vfprintf      		CODE           	3C9E	0000	107

C:\Program Files\Microchip\xc8\v2.20\pic\sources\c99\common\doprnt.c estimated size: 5629

C:\Program Files\Microchip\xc8\v2.20\pic\sources\c99\common\flneg.c
		___flneg       		CODE           	4140	0000	57

C:\Program Files\Microchip\xc8\v2.20\pic\sources\c99\common\flneg.c estimated size: 57

C:\Program Files\Microchip\xc8\v2.20\pic\sources\c99\common\Umul16.c
		___wmul        		CODE           	427A	0000	39

C:\Program Files\Microchip\xc8\v2.20\pic\sources\c99\common\Umul16.c estimated size: 39

C:\Program Files\Microchip\xc8\v2.20\pic\sources\c99\common\aomod.c
		___aomod       		CODE           	33AE	0000	357

C:\Program Files\Microchip\xc8\v2.20\pic\sources\c99\common\aomod.c estimated size: 357

C:\Program Files\Microchip\xc8\v2.20\pic\sources\c99\common\flge.c
		___flge        		CODE           	3618	0000	261

C:\Program Files\Microchip\xc8\v2.20\pic\sources\c99\common\flge.c estimated size: 261

newmain.c
		_ISR           		CODE           	0008	0000	75
		_main          		CODE           	26A2	0000	843
		_Port_Init     		CODE           	42D4	0000	23
		_ADCon_Init    		CODE           	42A0	0000	31
		_ExtInt_Init   		CODE           	42EA	0000	11

newmain.c estimated size: 983

C:\Program Files\Microchip\xc8\v2.20\pic\sources\c99\common\nf_sprintf.c
		_sprintf       		CODE           	3E7A	0000	83

C:\Program Files\Microchip\xc8\v2.20\pic\sources\c99\common\nf_sprintf.c estimated size: 83

C:\Program Files\Microchip\xc8\v2.20\pic\sources\c99\common\awmod.c
		___awmod       		CODE           	3B44	0000	177

C:\Program Files\Microchip\xc8\v2.20\pic\sources\c99\common\awmod.c estimated size: 177

C:\Program Files\Microchip\xc8\v2.20\pic\sources\c99\common\putch.c
		_putch         		CODE           	4304	0000	3

C:\Program Files\Microchip\xc8\v2.20\pic\sources\c99\common\putch.c estimated size: 3

C:\Program Files\Microchip\xc8\v2.20\pic\sources\c99\common\nf_fputs.c
		_fputs         		CODE           	4040	0000	69

C:\Program Files\Microchip\xc8\v2.20\pic\sources\c99\common\nf_fputs.c estimated size: 69

C:\Program Files\Microchip\xc8\v2.20\pic\sources\c99\common\isupper.c
		_isupper       		CODE           	4108	0000	57

C:\Program Files\Microchip\xc8\v2.20\pic\sources\c99\common\isupper.c estimated size: 57

shared
		__initialization		CODE           	3FB4	0000	57

shared estimated size: 57

C:\Program Files\Microchip\xc8\v2.20\pic\sources\c99\common\isspace.c
		_isspace       		CODE           	3ECC	0000	83

C:\Program Files\Microchip\xc8\v2.20\pic\sources\c99\common\isspace.c estimated size: 83

C:\Program Files\Microchip\xc8\v2.20\pic\sources\c99\common\aodiv.c
		___aodiv       		CODE           	3226	0000	393

C:\Program Files\Microchip\xc8\v2.20\pic\sources\c99\common\aodiv.c estimated size: 393

C:\Program Files\Microchip\xc8\v2.20\pic\sources\c99\common\abs.c
		_abs           		CODE           	40C8	0000	65

C:\Program Files\Microchip\xc8\v2.20\pic\sources\c99\common\abs.c estimated size: 65

C:\Program Files\Microchip\xc8\v2.20\pic\sources\c99\common\strlen.c
		_strlen        		CODE           	41E8	0000	55

C:\Program Files\Microchip\xc8\v2.20\pic\sources\c99\common\strlen.c estimated size: 55

C:\Program Files\Microchip\xc8\v2.20\pic\sources\c99\common\strncmp.c
		_strncmp       		CODE           	381A	0000	215

C:\Program Files\Microchip\xc8\v2.20\pic\sources\c99\common\strncmp.c estimated size: 215

C:\Program Files\Microchip\xc8\v2.20\pic\sources\c99\common\tolower.c
		_tolower       		CODE           	3D08	0000	97

C:\Program Files\Microchip\xc8\v2.20\pic\sources\c99\common\tolower.c estimated size: 97

C:\Program Files\Microchip\xc8\v2.20\pic\sources\c99\common\floorf.c
		_floorf        		CODE           	2CD0	0000	531

C:\Program Files\Microchip\xc8\v2.20\pic\sources\c99\common\floorf.c estimated size: 531

C:\Program Files\Microchip\xc8\v2.20\pic\sources\c99\common\sprcmul.c
		___flmul       		CODE           	1EDE	0000	1067

C:\Program Files\Microchip\xc8\v2.20\pic\sources\c99\common\sprcmul.c estimated size: 1067

C:\Program Files\Microchip\xc8\v2.20\pic\sources\c99\common\strcpy.c
		_strcpy        		CODE           	3DC6	0000	93

C:\Program Files\Microchip\xc8\v2.20\pic\sources\c99\common\strcpy.c estimated size: 93

C:\Program Files\Microchip\xc8\v2.20\pic\sources\c99\common\sprcdiv.c
		___fldiv       		CODE           	2308	0000	923

C:\Program Files\Microchip\xc8\v2.20\pic\sources\c99\common\sprcdiv.c estimated size: 923

C:\Program Files\Microchip\xc8\v2.20\pic\sources\c99\common\awdiv.c
		___awdiv       		CODE           	3A80	0000	197

C:\Program Files\Microchip\xc8\v2.20\pic\sources\c99\common\awdiv.c estimated size: 197

C:\Program Files\Microchip\xc8\v2.20\pic\sources\c99\common\atoi.c
		_atoi          		CODE           	3096	0000	401

C:\Program Files\Microchip\xc8\v2.20\pic\sources\c99\common\atoi.c estimated size: 401

C:\Program Files\Microchip\xc8\v2.20\pic\sources\c99\common\__fpclassifyf.c
		___fpclassifyf 		CODE           	371C	0000	255

C:\Program Files\Microchip\xc8\v2.20\pic\sources\c99\common\__fpclassifyf.c estimated size: 255

C:\Program Files\Microchip\xc8\v2.20\pic\sources\c99\common\fltol.c
		___fltol       		CODE           	3512	0000	263

C:\Program Files\Microchip\xc8\v2.20\pic\sources\c99\common\fltol.c estimated size: 263

C:\Program Files\Microchip\xc8\v2.20\pic\sources\c99\common\fleq.c
		___fleq        		CODE           	3BF4	0000	171

C:\Program Files\Microchip\xc8\v2.20\pic\sources\c99\common\fleq.c estimated size: 171

C:\Program Files\Microchip\xc8\v2.20\pic\sources\c99\common\xxtofl.c
		___xxtofl      		CODE           	2EE2	0000	437

C:\Program Files\Microchip\xc8\v2.20\pic\sources\c99\common\xxtofl.c estimated size: 437

