Microchip MPLAB XC8 Compiler V2.20

Linker command line:

-W-3 --edf=C:\Program Files\Microchip\xc8\v2.20\pic\dat\en_msgs.txt -cn \
  -h+dist/default/production\01_Laboratory.X.production.sym \
  --cmf=dist/default/production\01_Laboratory.X.production.cmf -z -Q18F4550 \
  -oC:\Users\luism\AppData\Local\Temp\s70c.2 --defsym=__MPLAB_BUILD=1 \
  -Mdist/default/production/01_Laboratory.X.production.map -E1 \
  -ver=XC8 Compiler --acfsm=1493 -ASTACK=01BCh-07FFh -pstack=STACK \
  -ACODE=00h-07FFFh -ACONST=00h-07FFFh -ASMALLCONST=0800h-08FFhx120 \
  -AMEDIUMCONST=0800h-07FFFh -ACOMRAM=01h-05Fh -AABS1=00h-07FFh \
  -ABIGRAM=01h-07FFh -ARAM=060h-0FFh,0100h-01FFhx7 -ABANK0=060h-0FFh \
  -ABANK1=0100h-01FFh -ABANK2=0200h-02FFh -ABANK3=0300h-03FFh \
  -ABANK4=0400h-04FFh -ABANK5=0500h-05FFh -ABANK6=0600h-06FFh \
  -ABANK7=0700h-07FFh -ASFR=0F60h-0FFFh -ACONFIG=0300000h-030000Dh \
  -AIDLOC=0200000h-0200007h -preset_vec=00h,intcode,intcodelo,powerup,init \
  -pramtop=0800h -psmallconst=SMALLCONST -pmediumconst=MEDIUMCONST \
  -pconst=CONST -AFARRAM=00h-00h -AEEDATA=0F00000h-0F000FFh \
  -peeprom_data=EEDATA \
  -prdata=COMRAM,nvrram=COMRAM,nvbit=COMRAM,rbss=COMRAM,rbit=COMRAM \
  -pfarbss=FARRAM,fardata=FARRAM,nvFARRAM=FARRAM \
  -pintsave_regs=BIGRAM,bigbss=BIGRAM,bigdata=BIGRAM -pbss=RAM \
  -pidata=CODE,irdata=CODE,ibigdata=CODE,ifardata=CODE -pparam0=BANK0 \
  C:\Users\luism\AppData\Local\Temp\s70c.o \
  dist/default/production\01_Laboratory.X.production.o 

Object code version is 3.11

Machine type is 18F4550



                Name                               Link     Load   Length Selector   Space Scale
C:\Users\luism\AppData\Local\Temp\s70c.o
                idloc                            200000   200000        8        0       5
                config                           300000   300000        E        0       4
                init                                  0        0        4        0       0
dist/default/production\01_Laboratory.X.production.o
                idloc                            200000   200000        8        0       5
                config                           300000   300000        E        0       4
                smallconst                          800      800       80      400       0
                text13                             4C12     4C12      108      440       0
                text12                             4490     4490      39A      440       0
                text11                             4E64     4E64       38      440       0
                text10                             374E     374E      4C0      440       0
                text9                              4E1E     4E1E       46      440       0
                text8                              4A5E     4A5E      1B4      440       0
                text7                              4E9C     4E9C       34      440       0
                text6                              4066     4066      42A      440       0
                text5                              482A     482A      234      440       0
                text4                              4D1A     4D1A      104      440       0
                text3                              4ED0     4ED0       22      440       0
                text2                              328E     328E      4C0      440       0
                text1                               880      880     2A0E      440       0
                text0                              3C0E     3C0E      458      440       0
                cstackCOMRAM                          1        1       5E        1       1
                cstackBANK0                          60       60       57       60       1
                cstackBANK1                         100      100       BC      100       1
                bssBANK0                             B7       B7        6       60       1
                cinit                              4EF2     4EF2       18      440       0

TOTAL           Name                               Link     Load   Length     Space
        CLASS   STACK          

        CLASS   CODE           
                init                                  0        0        4         0
                text13                             4C12     4C12      108         0
                text12                             4490     4490      39A         0
                text11                             4E64     4E64       38         0
                text10                             374E     374E      4C0         0
                text9                              4E1E     4E1E       46         0
                text8                              4A5E     4A5E      1B4         0
                text7                              4E9C     4E9C       34         0
                text6                              4066     4066      42A         0
                text5                              482A     482A      234         0
                text4                              4D1A     4D1A      104         0
                text3                              4ED0     4ED0       22         0
                text2                              328E     328E      4C0         0
                text1                               880      880     2A0E         0
                text0                              3C0E     3C0E      458         0
                cinit                              4EF2     4EF2       18         0

        CLASS   CONST          

        CLASS   SMALLCONST     
                smallconst                          800      800       80         0

        CLASS   MEDIUMCONST    

        CLASS   COMRAM         
                cstackCOMRAM                          1        1       5E         1

        CLASS   ABS1           

        CLASS   BIGRAM         

        CLASS   RAM            

        CLASS   BANK0          
                cstackBANK0                          60       60       57         1
                bssBANK0                             B7       B7        6         1

        CLASS   BANK1          
                cstackBANK1                         100      100       BC         1

        CLASS   BANK2          

        CLASS   BANK3          

        CLASS   BANK4          

        CLASS   BANK5          

        CLASS   BANK6          

        CLASS   BANK7          

        CLASS   SFR            

        CLASS   CONFIG         
                config                           300000   300000        E         4

        CLASS   IDLOC          
                idloc                            200000   200000        8         5

        CLASS   FARRAM         

        CLASS   EEDATA         



SEGMENTS        Name                           Load    Length   Top    Selector   Space  Class

                reset_vec                      000000  000004  000004         0       0  CODE    
                cstackCOMRAM                   000001  00005E  00005F         1       1  COMRAM  
                cstackBANK0                    000060  00005D  0000BD        60       1  BANK0   
                cstackBANK1                    000100  0000BC  0001BC       100       1  BANK1   
                smallconst                     000800  000080  000880       400       0  SMALLCON
                text1                          000880  00468A  004F0A       440       0  CODE    


UNUSED ADDRESS RANGES

        Name                Unused          Largest block    Delta
        BANK0            0000BD-0000FF               43
        BANK1            0001BC-0001FF               44
        BANK2            000200-0002FF              100
        BANK3            000300-0003FF              100
        BANK4            000400-0004FF              100
        BANK5            000500-0005FF              100
        BANK6            000600-0006FF              100
        BANK7            000700-0007FF              100
        BIGRAM           00005F-00005F                1
                         0000BD-0000FF               43
                         0001BC-0007FF              644
        CODE             000004-0007FF              7FC
                         004F0A-007FFF             30F6
        COMRAM           00005F-00005F                1
        CONST            000004-0007FF              7FC
                         004F0A-007FFF             30F6
        EEDATA           F00000-F000FF              100
        MEDIUMCONST      004F0A-007FFF             30F6
        RAM              0000BD-0000FF               43
                         0001BC-0007FF              100
        SFR              000F60-000FFF               A0
        SMALLCONST       004F0A-007FFF              100
        STACK            0001BC-0007FF              644

                                  Symbol Table

?___fladd                cstackCOMRAM 00000F
?___fldiv                cstackCOMRAM 000040
?___flmul                cstackCOMRAM 00001F
?___flneg                cstackCOMRAM 000001
?___flsub                cstackCOMRAM 000038
?___fltol                cstackCOMRAM 000059
?___xxtofl               cstackCOMRAM 000001
?_fabsf                  cstackCOMRAM 000001
?_nanf                   cstackCOMRAM 000001
?_powf                   cstackBANK0  000088
?_scalbnf                cstackCOMRAM 000038
?_sqrtf                  cstackCOMRAM 00004C
_ADCON1                  (abs)        000FC1
_OSCCONbits              (abs)        000FD3
_PORTA                   (abs)        000F80
_PORTAbits               (abs)        000F80
_PORTB                   (abs)        000F81
_PORTD                   (abs)        000F83
_TRISA                   (abs)        000F92
_TRISB                   (abs)        000F93
_TRISD                   (abs)        000F95
__HRAM                   (abs)        000000
__Habs1                  abs1         000000
__Hbank0                 bank0        000000
__Hbank1                 bank1        000000
__Hbank2                 bank2        000000
__Hbank3                 bank3        000000
__Hbank4                 bank4        000000
__Hbank5                 bank5        000000
__Hbank6                 bank6        000000
__Hbank7                 bank7        000000
__Hbigbss                bigbss       000000
__Hbigdata               bigdata      000000
__Hbigram                bigram       000000
__Hbss                   bss          000000
__HbssBANK0              bssBANK0     000000
__Hcinit                 cinit        000000
__Hclrtext               clrtext      000000
__Hcomram                comram       000000
__Hconfig                config       30000E
__Hconst                 const        000000
__HcstackBANK0           cstackBANK0  000000
__HcstackBANK1           cstackBANK1  000000
__HcstackCOMRAM          cstackCOMRAM 000000
__Hdata                  data         000000
__Heeprom_data           eeprom_data  000000
__Hfarbss                farbss       000000
__Hfardata               fardata      000000
__Hibigdata              ibigdata     000000
__Hidata                 idata        000000
__Hidloc                 idloc        200008
__Hifardata              ifardata     000000
__Hinit                  init         000004
__Hintcode               intcode      000000
__Hintcode_body          intcode_body 000000
__Hintcodelo             intcodelo    000000
__Hintentry              intentry     000000
__Hintret                intret       000000
__Hintsave_regs          intsave_regs 000000
__Hirdata                irdata       000000
__Hmediumconst           mediumconst  000000
__HnvFARRAM              nvFARRAM     000000
__Hnvbit                 nvbit        000000
__Hnvrram                nvrram       000000
__Hparam                 param0       000000
__Hparam0                param0       000000
__Hpowerup               powerup      000000
__Hram                   ram          000000
__Hramtop                ramtop       000800
__Hrbit                  rbit         000000
__Hrbss                  rbss         000000
__Hrdata                 rdata        000000
__Hreset_vec             reset_vec    000000
__Hsfr                   sfr          000000
__Hsmallconst            smallconst   000880
__Hspace_0               (abs)        004F0A
__Hspace_1               (abs)        0001BC
__Hspace_2               (abs)        000000
__Hspace_4               (abs)        60000E
__Hstack                 stack        000000
__Hstruct                struct       000000
__Htemp                  temp         000000
__Htext                  text         000000
__Htext0                 text0        000000
__Htext1                 text1        000000
__Htext10                text10       000000
__Htext11                text11       000000
__Htext12                text12       000000
__Htext13                text13       000000
__Htext2                 text2        000000
__Htext3                 text3        000000
__Htext4                 text4        000000
__Htext5                 text5        000000
__Htext6                 text6        000000
__Htext7                 text7        000000
__Htext8                 text8        000000
__Htext9                 text9        000000
__LRAM                   (abs)        000001
__Labs1                  abs1         000000
__Lbank0                 bank0        000000
__Lbank1                 bank1        000000
__Lbank2                 bank2        000000
__Lbank3                 bank3        000000
__Lbank4                 bank4        000000
__Lbank5                 bank5        000000
__Lbank6                 bank6        000000
__Lbank7                 bank7        000000
__Lbigbss                bigbss       000000
__Lbigdata               bigdata      000000
__Lbigram                bigram       000000
__Lbss                   bss          000000
__LbssBANK0              bssBANK0     000000
__Lcinit                 cinit        000000
__Lclrtext               clrtext      000000
__Lcomram                comram       000000
__Lconfig                config       000000
__Lconst                 const        000000
__LcstackBANK0           cstackBANK0  000000
__LcstackBANK1           cstackBANK1  000000
__LcstackCOMRAM          cstackCOMRAM 000000
__Ldata                  data         000000
__Leeprom_data           eeprom_data  000000
__Lfarbss                farbss       000000
__Lfardata               fardata      000000
__Libigdata              ibigdata     000000
__Lidata                 idata        000000
__Lidloc                 idloc        000000
__Lifardata              ifardata     000000
__Linit                  init         000000
__Lintcode               intcode      000000
__Lintcode_body          intcode_body 000000
__Lintcodelo             intcodelo    000000
__Lintentry              intentry     000000
__Lintret                intret       000000
__Lintsave_regs          intsave_regs 000000
__Lirdata                irdata       000000
__Lmediumconst           mediumconst  000000
__LnvFARRAM              nvFARRAM     000000
__Lnvbit                 nvbit        000000
__Lnvrram                nvrram       000000
__Lparam                 param0       000000
__Lparam0                param0       000000
__Lpowerup               powerup      000000
__Lram                   ram          000000
__Lramtop                ramtop       000800
__Lrbit                  rbit         000000
__Lrbss                  rbss         000000
__Lrdata                 rdata        000000
__Lreset_vec             reset_vec    000000
__Lsfr                   sfr          000000
__Lsmallconst            smallconst   000800
__Lspace_0               (abs)        000000
__Lspace_1               (abs)        000000
__Lspace_2               (abs)        000000
__Lspace_4               (abs)        000000
__Lstack                 stack        000000
__Lstruct                struct       000000
__Ltemp                  temp         000000
__Ltext                  text         000000
__Ltext0                 text0        000000
__Ltext1                 text1        000000
__Ltext10                text10       000000
__Ltext11                text11       000000
__Ltext12                text12       000000
__Ltext13                text13       000000
__Ltext2                 text2        000000
__Ltext3                 text3        000000
__Ltext4                 text4        000000
__Ltext5                 text5        000000
__Ltext6                 text6        000000
__Ltext7                 text7        000000
__Ltext8                 text8        000000
__Ltext9                 text9        000000
__S0                     (abs)        004F0A
__S1                     (abs)        0001BC
__S2                     (abs)        000000
__S4                     (abs)        000000
__S5                     (abs)        000000
___fladd                 text10       00374E
___fladd@a               cstackCOMRAM 000013
___fladd@aexp            cstackCOMRAM 00001C
___fladd@b               cstackCOMRAM 00000F
___fladd@bexp            cstackCOMRAM 00001D
___fladd@grs             cstackCOMRAM 00001E
___fladd@signs           cstackCOMRAM 00001B
___fldiv                 text12       004490
___fldiv@a               cstackCOMRAM 000044
___fldiv@aexp            cstackCOMRAM 000058
___fldiv@b               cstackCOMRAM 000040
___fldiv@bexp            cstackCOMRAM 000057
___fldiv@grs             cstackCOMRAM 000053
___fldiv@new_exp         cstackCOMRAM 000051
___fldiv@rem             cstackCOMRAM 00004C
___fldiv@sign            cstackCOMRAM 000050
___flge                  text4        004D1A
___flge@ff1              cstackCOMRAM 000040
___flge@ff2              cstackCOMRAM 000044
___flmul                 text6        004066
___flmul@a               cstackCOMRAM 000023
___flmul@aexp            cstackCOMRAM 000030
___flmul@b               cstackCOMRAM 00001F
___flmul@bexp            cstackCOMRAM 000031
___flmul@grs             cstackCOMRAM 00002C
___flmul@prod            cstackCOMRAM 000032
___flmul@sign            cstackCOMRAM 00002B
___flmul@temp            cstackCOMRAM 000036
___flneg                 text11       004E64
___flneg@f1              cstackCOMRAM 000001
___flsub                 text9        004E1E
___flsub@a               cstackCOMRAM 00003C
___flsub@b               cstackCOMRAM 000038
___fltol                 text13       004C12
___fltol@exp1            cstackCOMRAM 00005E
___fltol@f1              cstackCOMRAM 000059
___fltol@sign1           cstackCOMRAM 00005D
___inthi_sp              stack        000000
___intlo_sp              stack        000000
___param_bank            (abs)        000000
___rparam_used           (abs)        000000
___sp                    stack        000000
___xxtofl                text8        004A5E
___xxtofl@arg            cstackCOMRAM 00000B
___xxtofl@exp            cstackCOMRAM 00000A
___xxtofl@sign           cstackCOMRAM 000009
___xxtofl@val            cstackCOMRAM 000001
__accesstop              (abs)        000060
__activetblptr           (abs)        000002
__end_of_L1              smallconst   00085D
__end_of_L2              smallconst   000859
__end_of_L3              smallconst   000855
__end_of_L4              smallconst   000851
__end_of_L5              smallconst   00084D
__end_of_L6              smallconst   000849
__end_of_P1              smallconst   000845
__end_of_P2              smallconst   000841
__end_of_P3              smallconst   00083D
__end_of_P4              smallconst   000839
__end_of_P5              smallconst   000835
__end_of___fladd         text10       003C0E
__end_of___fldiv         text12       00482A
__end_of___flge          text4        004E1E
__end_of___flmul         text6        004490
__end_of___flneg         text11       004E9C
__end_of___flsub         text9        004E64
__end_of___fltol         text13       004D1A
__end_of___xxtofl        text8        004C12
__end_of__initialization cinit        004F00
__end_of_bp              smallconst   000871
__end_of_cp              smallconst   000821
__end_of_cp_h            smallconst   00087D
__end_of_cp_l            smallconst   000879
__end_of_dp_h            smallconst   000811
__end_of_dp_l            smallconst   000809
__end_of_fabsf           text7        004ED0
__end_of_huge            smallconst   000865
__end_of_ivln2           smallconst   00081D
__end_of_ivln2_h         smallconst   000875
__end_of_ivln2_l         smallconst   000819
__end_of_lg2             smallconst   000831
__end_of_lg2_h           smallconst   00082D
__end_of_lg2_l           smallconst   000829
__end_of_main            text0        004066
__end_of_nanf            text3        004EF2
__end_of_ovt             smallconst   000825
__end_of_powf            text1        00328E
__end_of_scalbnf         text5        004A5E
__end_of_sqrtf           text2        00374E
__end_of_tiny            smallconst   000861
__end_of_tiny@sqrtf$F711 smallconst   000815
__end_of_two24           smallconst   000869
__initialization         cinit        004EF2
__mediumconst            mediumconst  000000
__pbssBANK0              bssBANK0     0000B7
__pcinit                 cinit        004EF2
__pcstackBANK0           cstackBANK0  000060
__pcstackBANK1           cstackBANK1  000100
__pcstackCOMRAM          cstackCOMRAM 000001
__psmallconst            smallconst   000800
__ptext0                 text0        003C0E
__ptext1                 text1        000880
__ptext10                text10       00374E
__ptext11                text11       004E64
__ptext12                text12       004490
__ptext13                text13       004C12
__ptext2                 text2        00328E
__ptext3                 text3        004ED0
__ptext4                 text4        004D1A
__ptext5                 text5        00482A
__ptext6                 text6        004066
__ptext7                 text7        004E9C
__ptext8                 text8        004A5E
__ptext9                 text9        004E1E
__ramtop                 ramtop       000800
__size_of___fladd        (abs)        000000
__size_of___fldiv        (abs)        000000
__size_of___flge         (abs)        000000
__size_of___flmul        (abs)        000000
__size_of___flneg        (abs)        000000
__size_of___flsub        (abs)        000000
__size_of___fltol        (abs)        000000
__size_of___xxtofl       (abs)        000000
__size_of_fabsf          (abs)        000000
__size_of_main           (abs)        000000
__size_of_nanf           (abs)        000000
__size_of_powf           (abs)        000000
__size_of_scalbnf        (abs)        000000
__size_of_sqrtf          (abs)        000000
__smallconst             smallconst   000800
_bp                      smallconst   000869
_dp_h                    smallconst   000809
_dp_l                    smallconst   000801
_errno                   bssBANK0     0000BB
_fabsf                   text7        004E9C
_main                    text0        003C0E
_main$905                cstackBANK0  0000B3
_main$906                cstackBANK0  00009F
_main$907                cstackBANK0  0000A3
_nanf                    text3        004ED0
_powf                    text1        000880
_powf$908                cstackBANK1  0001A4
_powf$909                cstackBANK1  000154
_powf$910                cstackBANK1  000148
_powf$911                cstackBANK1  000194
_powf$912                cstackBANK1  000138
_powf$913                cstackBANK1  000100
_powf$914                cstackBANK1  000104
_powf$915                cstackBANK1  000158
_powf$916                cstackBANK1  00013C
_powf$917                cstackBANK1  000140
_powf$918                cstackBANK1  000108
_powf$919                cstackBANK1  00010C
_powf$920                cstackBANK1  000110
_powf$921                cstackBANK1  000114
_powf$922                cstackBANK1  000118
_scalbnf                 text5        00482A
_sqrtf                   text2        00328E
end_of_initialization    cinit        004F00
fabsf@F463               bssBANK0     0000B7
fabsf@u                  cstackCOMRAM 000005
fabsf@x                  cstackCOMRAM 000001
intlevel0                text         000000
intlevel1                text         000000
intlevel2                text         000000
intlevel3                text         000000
main@i                   cstackBANK0  0000A9
main@i_156               cstackBANK0  0000AB
main@i_157               cstackBANK0  0000AD
main@i_158               cstackBANK0  0000AF
main@i_159               cstackBANK0  0000B1
main@mode                cstackBANK0  0000A7
nanf@s                   cstackCOMRAM 000001
nanf@u                   cstackCOMRAM 000005
powf@__xc8_float_word    cstackBANK1  0001B8
powf@ax                  cstackBANK1  000170
powf@hx                  cstackBANK1  000160
powf@hy                  cstackBANK1  000184
powf@i                   cstackBANK1  00012C
powf@is                  cstackBANK1  000190
powf@ix                  cstackBANK1  0001A8
powf@iy                  cstackBANK1  000198
powf@j                   cstackBANK1  0001AC
powf@k                   cstackBANK1  0001A0
powf@n                   cstackBANK1  00017C
powf@p_h                 cstackBANK1  00019C
powf@p_l                 cstackBANK1  000164
powf@r                   cstackBANK1  00014C
powf@s                   cstackBANK1  00015C
powf@s2                  cstackBANK1  00018C
powf@s_h                 cstackBANK1  00016C
powf@s_l                 cstackBANK1  000130
powf@sn                  cstackBANK1  000188
powf@t                   cstackBANK1  0001B0
powf@t1                  cstackBANK1  000180
powf@t2                  cstackBANK1  00011C
powf@t_h                 cstackBANK1  000168
powf@t_l                 cstackBANK1  000134
powf@u                   cstackBANK1  000174
powf@v                   cstackBANK1  000178
powf@w                   cstackBANK1  000144
powf@x                   cstackBANK0  000088
powf@y                   cstackBANK0  00008C
powf@y1                  cstackBANK1  000128
powf@yisint              cstackBANK1  000150
powf@z                   cstackBANK1  0001B4
powf@z_h                 cstackBANK1  000120
powf@z_l                 cstackBANK1  000124
scalbnf@n                cstackCOMRAM 00003C
scalbnf@u                cstackCOMRAM 000042
scalbnf@x                cstackCOMRAM 000038
scalbnf@y                cstackCOMRAM 000046
sqrtf@__xc8_float_word   cstackBANK0  00006C
sqrtf@i                  cstackBANK0  000068
sqrtf@ix                 cstackBANK0  000084
sqrtf@m                  cstackBANK0  00007C
sqrtf@q                  cstackBANK0  000070
sqrtf@r                  cstackBANK0  000080
sqrtf@s                  cstackBANK0  000064
sqrtf@t                  cstackBANK0  000074
sqrtf@x                  cstackCOMRAM 00004C
sqrtf@z                  cstackBANK0  000078
stackhi                  (abs)        0007FF
stacklo                  (abs)        0001BC
start                    init         000000
start_initialization     cinit        004EF2


FUNCTION INFORMATION:

 *************** function _main *****************
 Defined at:
		line 13 in file "newmain.c"
 Parameters:    Size  Location     Type
		None
 Auto vars:     Size  Location     Type
  i               2   81[BANK0 ] int 
  i               2   79[BANK0 ] int 
  i               2   77[BANK0 ] int 
  i               2   75[BANK0 ] int 
  i               2   73[BANK0 ] int 
  mode            2   71[BANK0 ] int 
 Return value:  Size  Location     Type
                  1    wreg      void 
 Registers used:
		wreg, status,2, status,0, tblptrl, tblptrh, tblptru, prodl, prodh, cstack
 Tracked objects:
		On entry : 
		On exit  : 
		Unchanged: 
 Data sizes:     COMRAM   BANK0   BANK1   BANK2   BANK3   BANK4   BANK5   BANK6   BANK7
      Params:         0       0       0       0       0       0       0       0       0
      Locals:         0      24       0       0       0       0       0       0       0
      Temps:          0       2       0       0       0       0       0       0       0
      Totals:         0      26       0       0       0       0       0       0       0
Total ram usage:       26 bytes
 Hardware stack levels required when called:    3
 This function calls:
		___fladd
		___flsub
		___fltol
		___xxtofl
		_powf
 This function is called by:
		Startup code after reset
 This function uses a non-reentrant model


 *************** function _powf *****************
 Defined at:
		line 52 in file "C:\Program Files\Microchip\xc8\v2.20\pic\sources\c99\common\powf.c"
 Parameters:    Size  Location     Type
  x               4   40[BANK0 ] float 
  y               4   44[BANK0 ] float 
 Auto vars:     Size  Location     Type
  s2              4  140[BANK1 ] float 
  s_h             4  108[BANK1 ] float 
  t_h             4  104[BANK1 ] float 
  t_l             4   52[BANK1 ] float 
  s_l             4   48[BANK1 ] float 
  __xc8_float_    4  184[BANK1 ] struct .
  z               4  180[BANK1 ] float 
  t               4  176[BANK1 ] float 
  j               4  172[BANK1 ] long 
  ix              4  168[BANK1 ] long 
  k               4  160[BANK1 ] long 
  p_h             4  156[BANK1 ] float 
  iy              4  152[BANK1 ] long 
  is              4  144[BANK1 ] long 
  sn              4  136[BANK1 ] float 
  hy              4  132[BANK1 ] long 
  t1              4  128[BANK1 ] float 
  n               4  124[BANK1 ] long 
  v               4  120[BANK1 ] float 
  u               4  116[BANK1 ] float 
  ax              4  112[BANK1 ] float 
  p_l             4  100[BANK1 ] float 
  hx              4   96[BANK1 ] long 
  s               4   92[BANK1 ] float 
  yisint          4   80[BANK1 ] long 
  r               4   76[BANK1 ] float 
  w               4   68[BANK1 ] float 
  i               4   44[BANK1 ] long 
  y1              4   40[BANK1 ] float 
  z_l             4   36[BANK1 ] float 
  z_h             4   32[BANK1 ] float 
  t2              4   28[BANK1 ] float 
 Return value:  Size  Location     Type
                  4   40[BANK0 ] float 
 Registers used:
		wreg, status,2, status,0, tblptrl, tblptrh, tblptru, prodl, prodh, cstack
 Tracked objects:
		On entry : 
		On exit  : 
		Unchanged: 
 Data sizes:     COMRAM   BANK0   BANK1   BANK2   BANK3   BANK4   BANK5   BANK6   BANK7
      Params:         0       8       0       0       0       0       0       0       0
      Locals:         0       0     188       0       0       0       0       0       0
      Temps:          0       9       0       0       0       0       0       0       0
      Totals:         0      17     188       0       0       0       0       0       0
Total ram usage:      205 bytes
 Hardware stack levels used:    1
 Hardware stack levels required when called:    2
 This function calls:
		___fladd
		___fldiv
		___flge
		___flmul
		___flneg
		___flsub
		___xxtofl
		_fabsf
		_scalbnf
		_sqrtf
 This function is called by:
		_main
 This function uses a non-reentrant model


 *************** function _sqrtf *****************
 Defined at:
		line 22 in file "C:\Program Files\Microchip\xc8\v2.20\pic\sources\c99\common\sqrtf.c"
 Parameters:    Size  Location     Type
  x               4   75[COMRAM] float 
 Auto vars:     Size  Location     Type
  ix              4   36[BANK0 ] long 
  r               4   32[BANK0 ] unsigned long 
  m               4   28[BANK0 ] long 
  z               4   24[BANK0 ] float 
  t               4   20[BANK0 ] long 
  q               4   16[BANK0 ] long 
  __xc8_float_    4   12[BANK0 ] struct .
  i               4    8[BANK0 ] long 
  s               4    4[BANK0 ] long 
  sign            4    0        long 
 Return value:  Size  Location     Type
                  4   75[COMRAM] float 
 Registers used:
		wreg, status,2, status,0, prodl, prodh, cstack
 Tracked objects:
		On entry : 
		On exit  : 
		Unchanged: 
 Data sizes:     COMRAM   BANK0   BANK1   BANK2   BANK3   BANK4   BANK5   BANK6   BANK7
      Params:         4       0       0       0       0       0       0       0       0
      Locals:         0      40       0       0       0       0       0       0       0
      Temps:          5       0       0       0       0       0       0       0       0
      Totals:         9      40       0       0       0       0       0       0       0
Total ram usage:       49 bytes
 Hardware stack levels used:    1
 Hardware stack levels required when called:    1
 This function calls:
		___fladd
		___flge
		___flmul
		_nanf
 This function is called by:
		_powf
 This function uses a non-reentrant model


 *************** function _nanf *****************
 Defined at:
		line 4 in file "C:\Program Files\Microchip\xc8\v2.20\pic\sources\c99\common\nanf.c"
 Parameters:    Size  Location     Type
  s               2    0[COMRAM] PTR const unsigned char 
		 -> STR_1(1), 
 Auto vars:     Size  Location     Type
  u               4    4[COMRAM] struct .
 Return value:  Size  Location     Type
                  4    0[COMRAM] float 
 Registers used:
		wreg, status,2
 Tracked objects:
		On entry : 
		On exit  : 
		Unchanged: 
 Data sizes:     COMRAM   BANK0   BANK1   BANK2   BANK3   BANK4   BANK5   BANK6   BANK7
      Params:         4       0       0       0       0       0       0       0       0
      Locals:         4       0       0       0       0       0       0       0       0
      Temps:          0       0       0       0       0       0       0       0       0
      Totals:         8       0       0       0       0       0       0       0       0
Total ram usage:        8 bytes
 Hardware stack levels used:    1
 This function calls:
		Nothing
 This function is called by:
		_sqrtf
 This function uses a non-reentrant model


 *************** function ___flge *****************
 Defined at:
		line 4 in file "C:\Program Files\Microchip\xc8\v2.20\pic\sources\c99\common\flge.c"
 Parameters:    Size  Location     Type
  ff1             4   63[COMRAM] float 
  ff2             4   67[COMRAM] float 
 Auto vars:     Size  Location     Type
		None
 Return value:  Size  Location     Type
		None               void
 Registers used:
		wreg, status,2, status,0
 Tracked objects:
		On entry : 
		On exit  : 
		Unchanged: 
 Data sizes:     COMRAM   BANK0   BANK1   BANK2   BANK3   BANK4   BANK5   BANK6   BANK7
      Params:         8       0       0       0       0       0       0       0       0
      Locals:         0       0       0       0       0       0       0       0       0
      Temps:          4       0       0       0       0       0       0       0       0
      Totals:        12       0       0       0       0       0       0       0       0
Total ram usage:       12 bytes
 Hardware stack levels used:    1
 This function calls:
		Nothing
 This function is called by:
		_powf
		_sqrtf
 This function uses a non-reentrant model


 *************** function _scalbnf *****************
 Defined at:
		line 4 in file "C:\Program Files\Microchip\xc8\v2.20\pic\sources\c99\common\scalbnf.c"
 Parameters:    Size  Location     Type
  x               4   55[COMRAM] float 
  n               2   59[COMRAM] int 
 Auto vars:     Size  Location     Type
  y               4   69[COMRAM] float 
  u               4   65[COMRAM] struct .
 Return value:  Size  Location     Type
                  4   55[COMRAM] float 
 Registers used:
		wreg, status,2, status,0, prodl, prodh, cstack
 Tracked objects:
		On entry : 
		On exit  : 
		Unchanged: 
 Data sizes:     COMRAM   BANK0   BANK1   BANK2   BANK3   BANK4   BANK5   BANK6   BANK7
      Params:         6       0       0       0       0       0       0       0       0
      Locals:         8       0       0       0       0       0       0       0       0
      Temps:          4       0       0       0       0       0       0       0       0
      Totals:        18       0       0       0       0       0       0       0       0
Total ram usage:       18 bytes
 Hardware stack levels used:    1
 Hardware stack levels required when called:    1
 This function calls:
		___flmul
 This function is called by:
		_powf
 This function uses a non-reentrant model


 *************** function ___flmul *****************
 Defined at:
		line 8 in file "C:\Program Files\Microchip\xc8\v2.20\pic\sources\c99\common\sprcmul.c"
 Parameters:    Size  Location     Type
  b               4   30[COMRAM] float 
  a               4   34[COMRAM] float 
 Auto vars:     Size  Location     Type
  prod            4   49[COMRAM] struct .
  grs             4   43[COMRAM] unsigned long 
  temp            2   53[COMRAM] struct .
  bexp            1   48[COMRAM] unsigned char 
  aexp            1   47[COMRAM] unsigned char 
  sign            1   42[COMRAM] unsigned char 
 Return value:  Size  Location     Type
                  4   30[COMRAM] unsigned char 
 Registers used:
		wreg, status,2, status,0, prodl, prodh
 Tracked objects:
		On entry : 
		On exit  : 
		Unchanged: 
 Data sizes:     COMRAM   BANK0   BANK1   BANK2   BANK3   BANK4   BANK5   BANK6   BANK7
      Params:         8       0       0       0       0       0       0       0       0
      Locals:        13       0       0       0       0       0       0       0       0
      Temps:          4       0       0       0       0       0       0       0       0
      Totals:        25       0       0       0       0       0       0       0       0
Total ram usage:       25 bytes
 Hardware stack levels used:    1
 This function calls:
		Nothing
 This function is called by:
		_powf
		_scalbnf
		_sqrtf
 This function uses a non-reentrant model


 *************** function _fabsf *****************
 Defined at:
		line 4 in file "C:\Program Files\Microchip\xc8\v2.20\pic\sources\c99\common\fabsf.c"
 Parameters:    Size  Location     Type
  x               4    0[COMRAM] float 
 Auto vars:     Size  Location     Type
  u               4    4[COMRAM] struct .
 Return value:  Size  Location     Type
                  4    0[COMRAM] float 
 Registers used:
		status,2, status,0
 Tracked objects:
		On entry : 
		On exit  : 
		Unchanged: 
 Data sizes:     COMRAM   BANK0   BANK1   BANK2   BANK3   BANK4   BANK5   BANK6   BANK7
      Params:         4       0       0       0       0       0       0       0       0
      Locals:         4       0       0       0       0       0       0       0       0
      Temps:          0       0       0       0       0       0       0       0       0
      Totals:         8       0       0       0       0       0       0       0       0
Total ram usage:        8 bytes
 Hardware stack levels used:    1
 This function calls:
		Nothing
 This function is called by:
		_powf
 This function uses a non-reentrant model


 *************** function ___xxtofl *****************
 Defined at:
		line 10 in file "C:\Program Files\Microchip\xc8\v2.20\pic\sources\c99\common\xxtofl.c"
 Parameters:    Size  Location     Type
  sign            1    wreg     unsigned char 
  val             4    0[COMRAM] long 
 Auto vars:     Size  Location     Type
  sign            1    8[COMRAM] unsigned char 
  arg             4   10[COMRAM] unsigned long 
  exp             1    9[COMRAM] unsigned char 
 Return value:  Size  Location     Type
                  4    0[COMRAM] unsigned char 
 Registers used:
		wreg, status,2, status,0
 Tracked objects:
		On entry : 
		On exit  : 
		Unchanged: 
 Data sizes:     COMRAM   BANK0   BANK1   BANK2   BANK3   BANK4   BANK5   BANK6   BANK7
      Params:         4       0       0       0       0       0       0       0       0
      Locals:         6       0       0       0       0       0       0       0       0
      Temps:          4       0       0       0       0       0       0       0       0
      Totals:        14       0       0       0       0       0       0       0       0
Total ram usage:       14 bytes
 Hardware stack levels used:    1
 This function calls:
		Nothing
 This function is called by:
		_main
		_powf
 This function uses a non-reentrant model


 *************** function ___flsub *****************
 Defined at:
		line 245 in file "C:\Program Files\Microchip\xc8\v2.20\pic\sources\c99\common\sprcadd.c"
 Parameters:    Size  Location     Type
  b               4   55[COMRAM] unsigned char 
  a               4   59[COMRAM] unsigned char 
 Auto vars:     Size  Location     Type
		None
 Return value:  Size  Location     Type
                  4   55[COMRAM] unsigned char 
 Registers used:
		wreg, status,2, status,0, cstack
 Tracked objects:
		On entry : 
		On exit  : 
		Unchanged: 
 Data sizes:     COMRAM   BANK0   BANK1   BANK2   BANK3   BANK4   BANK5   BANK6   BANK7
      Params:         8       0       0       0       0       0       0       0       0
      Locals:         0       0       0       0       0       0       0       0       0
      Temps:          0       0       0       0       0       0       0       0       0
      Totals:         8       0       0       0       0       0       0       0       0
Total ram usage:        8 bytes
 Hardware stack levels used:    1
 Hardware stack levels required when called:    1
 This function calls:
		___fladd
 This function is called by:
		_main
		_powf
 This function uses a non-reentrant model


 *************** function ___fladd *****************
 Defined at:
		line 10 in file "C:\Program Files\Microchip\xc8\v2.20\pic\sources\c99\common\sprcadd.c"
 Parameters:    Size  Location     Type
  b               4   14[COMRAM] unsigned char 
  a               4   18[COMRAM] unsigned char 
 Auto vars:     Size  Location     Type
  grs             1   29[COMRAM] unsigned char 
  bexp            1   28[COMRAM] unsigned char 
  aexp            1   27[COMRAM] unsigned char 
  signs           1   26[COMRAM] unsigned char 
 Return value:  Size  Location     Type
                  4   14[COMRAM] unsigned char 
 Registers used:
		wreg, status,2, status,0
 Tracked objects:
		On entry : 
		On exit  : 
		Unchanged: 
 Data sizes:     COMRAM   BANK0   BANK1   BANK2   BANK3   BANK4   BANK5   BANK6   BANK7
      Params:         8       0       0       0       0       0       0       0       0
      Locals:         4       0       0       0       0       0       0       0       0
      Temps:          4       0       0       0       0       0       0       0       0
      Totals:        16       0       0       0       0       0       0       0       0
Total ram usage:       16 bytes
 Hardware stack levels used:    1
 This function calls:
		Nothing
 This function is called by:
		_main
		___flsub
		_powf
		_sqrtf
 This function uses a non-reentrant model


 *************** function ___flneg *****************
 Defined at:
		line 15 in file "C:\Program Files\Microchip\xc8\v2.20\pic\sources\c99\common\flneg.c"
 Parameters:    Size  Location     Type
  f1              4    0[COMRAM] unsigned char 
 Auto vars:     Size  Location     Type
		None
 Return value:  Size  Location     Type
                  4    0[COMRAM] unsigned char 
 Registers used:
		wreg, status,2, status,0
 Tracked objects:
		On entry : 
		On exit  : 
		Unchanged: 
 Data sizes:     COMRAM   BANK0   BANK1   BANK2   BANK3   BANK4   BANK5   BANK6   BANK7
      Params:         4       0       0       0       0       0       0       0       0
      Locals:         0       0       0       0       0       0       0       0       0
      Temps:          0       0       0       0       0       0       0       0       0
      Totals:         4       0       0       0       0       0       0       0       0
Total ram usage:        4 bytes
 Hardware stack levels used:    1
 This function calls:
		Nothing
 This function is called by:
		_powf
 This function uses a non-reentrant model


 *************** function ___fldiv *****************
 Defined at:
		line 11 in file "C:\Program Files\Microchip\xc8\v2.20\pic\sources\c99\common\sprcdiv.c"
 Parameters:    Size  Location     Type
  b               4   63[COMRAM] unsigned char 
  a               4   67[COMRAM] unsigned char 
 Auto vars:     Size  Location     Type
  grs             4   82[COMRAM] unsigned long 
  rem             4   75[COMRAM] unsigned long 
  new_exp         2   80[COMRAM] short 
  aexp            1   87[COMRAM] unsigned char 
  bexp            1   86[COMRAM] unsigned char 
  sign            1   79[COMRAM] unsigned char 
 Return value:  Size  Location     Type
                  4   63[COMRAM] unsigned char 
 Registers used:
		wreg, status,2, status,0
 Tracked objects:
		On entry : 
		On exit  : 
		Unchanged: 
 Data sizes:     COMRAM   BANK0   BANK1   BANK2   BANK3   BANK4   BANK5   BANK6   BANK7
      Params:         8       0       0       0       0       0       0       0       0
      Locals:        13       0       0       0       0       0       0       0       0
      Temps:          4       0       0       0       0       0       0       0       0
      Totals:        25       0       0       0       0       0       0       0       0
Total ram usage:       25 bytes
 Hardware stack levels used:    1
 This function calls:
		Nothing
 This function is called by:
		_powf
 This function uses a non-reentrant model


 *************** function ___fltol *****************
 Defined at:
		line 43 in file "C:\Program Files\Microchip\xc8\v2.20\pic\sources\c99\common\fltol.c"
 Parameters:    Size  Location     Type
  f1              4   88[COMRAM] unsigned char 
 Auto vars:     Size  Location     Type
  exp1            1   93[COMRAM] unsigned char 
  sign1           1   92[COMRAM] unsigned char 
 Return value:  Size  Location     Type
                  4   88[COMRAM] long 
 Registers used:
		wreg, status,2, status,0
 Tracked objects:
		On entry : 
		On exit  : 
		Unchanged: 
 Data sizes:     COMRAM   BANK0   BANK1   BANK2   BANK3   BANK4   BANK5   BANK6   BANK7
      Params:         4       0       0       0       0       0       0       0       0
      Locals:         2       0       0       0       0       0       0       0       0
      Temps:          0       4       0       0       0       0       0       0       0
      Totals:         6       4       0       0       0       0       0       0       0
Total ram usage:       10 bytes
 Hardware stack levels used:    1
 This function calls:
		Nothing
 This function is called by:
		_main
 This function uses a non-reentrant model



MODULE INFORMATION

Module		Function		Class		Link	Load	Size
C:\Program Files\Microchip\xc8\v2.20\pic\sources\c99\common\powf.c
		_powf          		CODE           	0880	0000	10767

C:\Program Files\Microchip\xc8\v2.20\pic\sources\c99\common\powf.c estimated size: 10767

C:\Program Files\Microchip\xc8\v2.20\pic\sources\c99\common\sprcadd.c
		___flsub       		CODE           	4E1E	0000	71
		___fladd       		CODE           	374E	0000	1217

C:\Program Files\Microchip\xc8\v2.20\pic\sources\c99\common\sprcadd.c estimated size: 1288

C:\Program Files\Microchip\xc8\v2.20\pic\sources\c99\common\flneg.c
		___flneg       		CODE           	4E64	0000	57

C:\Program Files\Microchip\xc8\v2.20\pic\sources\c99\common\flneg.c estimated size: 57

C:\Program Files\Microchip\xc8\v2.20\pic\sources\c99\common\fabsf.c
		_fabsf         		CODE           	4E9C	0000	53

C:\Program Files\Microchip\xc8\v2.20\pic\sources\c99\common\fabsf.c estimated size: 53

C:\Program Files\Microchip\xc8\v2.20\pic\sources\c99\common\flge.c
		___flge        		CODE           	4D1A	0000	261

C:\Program Files\Microchip\xc8\v2.20\pic\sources\c99\common\flge.c estimated size: 261

newmain.c
		_main          		CODE           	3C0E	0000	1113

newmain.c estimated size: 1113

shared
		_L5            		SMALLCONST     	0000	0000	0
		_P3            		SMALLCONST     	0000	0000	0
		_L6            		SMALLCONST     	0000	0000	0
		_P4            		SMALLCONST     	0000	0000	0
		_P5            		SMALLCONST     	0000	0000	0
		_tiny@sqrtf$F711		SMALLCONST     	0000	0000	0
		_lg2_l         		SMALLCONST     	0000	0000	0
		_ivln2_l       		SMALLCONST     	0000	0000	0
		_ivln2         		SMALLCONST     	0000	0000	0
		__initialization		CODE           	4EF2	0000	15
		_bp            		SMALLCONST     	0869	0000	9
		_cp            		SMALLCONST     	0000	0000	0
		_cp_h          		SMALLCONST     	0000	0000	0
		_dp_h          		SMALLCONST     	0809	0000	9
		_lg2           		SMALLCONST     	0000	0000	0
		_lg2_h         		SMALLCONST     	0000	0000	0
		_ivln2_h       		SMALLCONST     	0000	0000	0
		_tiny          		SMALLCONST     	0000	0000	0
		_ovt           		SMALLCONST     	0000	0000	0
		_huge          		SMALLCONST     	0000	0000	0
		_two24         		SMALLCONST     	0000	0000	0
		_cp_l          		SMALLCONST     	0000	0000	0
		_dp_l          		SMALLCONST     	0801	0000	9
		_L1            		SMALLCONST     	0000	0000	0
		_L2            		SMALLCONST     	0000	0000	0
		_L3            		SMALLCONST     	0000	0000	0
		_P1            		SMALLCONST     	0000	0000	0
		_L4            		SMALLCONST     	0000	0000	0
		_P2            		SMALLCONST     	0000	0000	0

shared estimated size: 42

C:\Program Files\Microchip\xc8\v2.20\pic\sources\c99\common\nanf.c
		_nanf          		CODE           	4ED0	0000	35

C:\Program Files\Microchip\xc8\v2.20\pic\sources\c99\common\nanf.c estimated size: 35

C:\Program Files\Microchip\xc8\v2.20\pic\sources\c99\common\sprcmul.c
		___flmul       		CODE           	4066	0000	1067

C:\Program Files\Microchip\xc8\v2.20\pic\sources\c99\common\sprcmul.c estimated size: 1067

C:\Program Files\Microchip\xc8\v2.20\pic\sources\c99\common\sprcdiv.c
		___fldiv       		CODE           	4490	0000	923

C:\Program Files\Microchip\xc8\v2.20\pic\sources\c99\common\sprcdiv.c estimated size: 923

C:\Program Files\Microchip\xc8\v2.20\pic\sources\c99\common\sqrtf.c
		_sqrtf         		CODE           	328E	0000	1217

C:\Program Files\Microchip\xc8\v2.20\pic\sources\c99\common\sqrtf.c estimated size: 1217

C:\Program Files\Microchip\xc8\v2.20\pic\sources\c99\common\fltol.c
		___fltol       		CODE           	4C12	0000	265

C:\Program Files\Microchip\xc8\v2.20\pic\sources\c99\common\fltol.c estimated size: 265

C:\Program Files\Microchip\xc8\v2.20\pic\sources\c99\common\scalbnf.c
		_scalbnf       		CODE           	482A	0000	565

C:\Program Files\Microchip\xc8\v2.20\pic\sources\c99\common\scalbnf.c estimated size: 565

C:\Program Files\Microchip\xc8\v2.20\pic\sources\c99\common\xxtofl.c
		___xxtofl      		CODE           	4A5E	0000	437

C:\Program Files\Microchip\xc8\v2.20\pic\sources\c99\common\xxtofl.c estimated size: 437

